[m2e] cwd=/fs/classhomes/amukherj/research/798/modelling
[m2e] manifest=data/paired_edits/manifest.jsonl
[m2e] cache=results/va_cache.jsonl
[m2e] manifest entries: 7920
[m2e] unique inputs: 360
[m2e] target jobs:   7920
[m2e] resuming: 0 keys already cached
[m2e] pending: 360 inputs + 7920 targets = 8280 scoring calls
[m2e] warming up Music2Emo model ...
The following layers were not sharded: encoder.layers.*.feed_forward.output_dense.weight, encoder.layers.*.attention.k_proj.bias, encoder.layers.*.attention.out_proj.weight, encoder.layers.*.attention.v_proj.bias, encoder.layer_norm.weight, feature_projection.projection.weight, encoder.layers.*.attention.k_proj.weight, feature_projection.layer_norm.bias, encoder.layers.*.layer_norm.weight, encoder.layers.*.attention.q_proj.bias, feature_extractor.conv_layers.*.layer_norm.weight, encoder.layers.*.layer_norm.bias, feature_extractor.conv_layers.*.conv.weight, encoder.pos_conv_embed.conv.parametrizations.weight.original0, encoder.layers.*.attention.v_proj.weight, encoder.layers.*.feed_forward.output_dense.bias, encoder.layers.*.final_layer_norm.weight, encoder.layers.*.feed_forward.intermediate_dense.weight, feature_projection.layer_norm.weight, feature_extractor.conv_layers.*.layer_norm.bias, encoder.layers.*.attention.q_proj.weight, encoder.layers.*.attention.out_proj.bias, masked_spec_embed, encoder.pos_conv_embed.conv.parametrizations.weight.original1, encoder.layers.*.feed_forward.intermediate_dense.bias, feature_projection.projection.bias, encoder.layer_norm.bias, encoder.pos_conv_embed.conv.bias, encoder.layers.*.final_layer_norm.bias
Loading weights:   0%|          | 0/211 [00:00<?, ?it/s]Loading weights:  10%|▉         | 21/211 [00:00<00:01, 98.27it/s]Loading weights:  18%|█▊        | 37/211 [00:00<00:01, 94.86it/s]Loading weights:  22%|██▏       | 47/211 [00:00<00:02, 81.81it/s]Loading weights:  27%|██▋       | 57/211 [00:00<00:02, 58.37it/s]Loading weights:  33%|███▎      | 69/211 [00:00<00:02, 69.26it/s]Loading weights:  36%|███▋      | 77/211 [00:01<00:01, 70.88it/s]Loading weights:  42%|████▏     | 89/211 [00:01<00:01, 67.67it/s]Loading weights:  48%|████▊     | 101/211 [00:01<00:01, 69.80it/s]Loading weights:  52%|█████▏    | 109/211 [00:01<00:02, 50.65it/s]Loading weights:  63%|██████▎   | 133/211 [00:01<00:00, 81.37it/s]Loading weights:  68%|██████▊   | 144/211 [00:02<00:00, 71.96it/s]Loading weights:  73%|███████▎  | 153/211 [00:02<00:00, 70.26it/s]Loading weights:  77%|███████▋  | 162/211 [00:02<00:00, 69.36it/s]Loading weights:  81%|████████  | 170/211 [00:02<00:00, 71.54it/s]Loading weights:  84%|████████▍ | 178/211 [00:02<00:00, 56.78it/s]Loading weights:  89%|████████▊ | 187/211 [00:02<00:00, 58.31it/s]Loading weights:  96%|█████████▌| 203/211 [00:02<00:00, 72.74it/s]Loading weights: 100%|██████████| 211/211 [00:03<00:00, 70.28it/s]
[m2e] model ready in 274.7s
`use_return_dict` is deprecated! Use `return_dict` instead!
I Music2Emotion 04-21 00:32:08.117 music2emo.py:309] audio file loaded and feature computation success : /fs/classhomes/amukherj/research/798/modelling/data/paired_edits/input/_canonical/Anaahata_by_Milind_Malshe__Raag_Basanti_Kedar__Raag_Basanti_Kedar__c000.wav
[m2e]   0.0% (1/8280)  elapsed=0.03h  eta=248.22h  rate=0.009/s  errs=0  last=input:in:Anaahata_by_Milind_Malshe__Raag_Basan
I Music2Emotion 04-21 00:32:39.459 music2emo.py:309] audio file loaded and feature computation success : /fs/classhomes/amukherj/research/798/modelling/data/paired_edits/input/_canonical/Anaahata_by_Milind_Malshe__Raag_Basanti_Kedar__Raag_Basanti_Kedar__c001.wav
I Music2Emotion 04-21 00:32:42.940 music2emo.py:309] audio file loaded and feature computation success : /fs/classhomes/amukherj/research/798/modelling/data/paired_edits/input/_canonical/Anaahata_by_Milind_Malshe__Raag_Basanti_Kedar__Raag_Basanti_Kedar__c002.wav
I Music2Emotion 04-21 00:32:45.858 music2emo.py:309] audio file loaded and feature computation success : /fs/classhomes/amukherj/research/798/modelling/data/paired_edits/input/_canonical/Anaahata_by_Milind_Malshe__Raag_Basanti_Kedar__Raag_Basanti_Kedar__c003.wav
I Music2Emotion 04-21 00:32:48.814 music2emo.py:309] audio file loaded and feature computation success : /fs/classhomes/amukherj/research/798/modelling/data/paired_edits/input/_canonical/Anaahata_by_Milind_Malshe__Raag_Basanti_Kedar__Raag_Basanti_Kedar__c004.wav
I Music2Emotion 04-21 00:32:52.921 music2emo.py:309] audio file loaded and feature computation success : /fs/classhomes/amukherj/research/798/modelling/data/paired_edits/input/_canonical/Anaahata_by_Milind_Malshe__Raag_Basanti_Kedar__Raag_Basanti_Kedar__c005.wav
I Music2Emotion 04-21 00:32:55.730 music2emo.py:309] audio file loaded and feature computation success : /fs/classhomes/amukherj/research/798/modelling/data/paired_edits/input/_canonical/Anaahata_by_Milind_Malshe__Raag_Basanti_Kedar__Raag_Basanti_Kedar__c006.wav
[m2e]   0.1% (7/8280)  elapsed=0.04h  eta=45.81h  rate=0.050/s  errs=0  last=input:in:Anaahata_by_Milind_Malshe__Raag_Basan
I Music2Emotion 04-21 00:32:58.480 music2emo.py:309] audio file loaded and feature computation success : /fs/classhomes/amukherj/research/798/modelling/data/paired_edits/input/_canonical/Anaahata_by_Milind_Malshe__Raag_Basanti_Kedar__Raag_Basanti_Kedar__c007.wav
I Music2Emotion 04-21 00:33:01.066 music2emo.py:309] audio file loaded and feature computation success : /fs/classhomes/amukherj/research/798/modelling/data/paired_edits/input/_canonical/Anaahata_by_Milind_Malshe__Raag_Basanti_Kedar__Raag_Basanti_Kedar__c008.wav
I Music2Emotion 04-21 00:33:03.830 music2emo.py:309] audio file loaded and feature computation success : /fs/classhomes/amukherj/research/798/modelling/data/paired_edits/input/_canonical/Anaahata_by_Milind_Malshe__Raag_Basanti_Kedar__Raag_Basanti_Kedar__c009.wav
I Music2Emotion 04-21 00:33:06.398 music2emo.py:309] audio file loaded and feature computation success : /fs/classhomes/amukherj/research/798/modelling/data/paired_edits/input/_canonical/Anaahata_by_Milind_Malshe__Raag_Basanti_Kedar__Raag_Basanti_Kedar__c010.wav
I Music2Emotion 04-21 00:33:09.135 music2emo.py:309] audio file loaded and feature computation success : /fs/classhomes/amukherj/research/798/modelling/data/paired_edits/input/_canonical/Anaahata_by_Milind_Malshe__Raag_Basanti_Kedar__Raag_Basanti_Kedar__c011.wav
I Music2Emotion 04-21 00:33:12.780 music2emo.py:309] audio file loaded and feature computation success : /fs/classhomes/amukherj/research/798/modelling/data/paired_edits/input/_canonical/Anaahata_by_Milind_Malshe__Raag_Basanti_Kedar__Raag_Basanti_Kedar__c012.wav
I Music2Emotion 04-21 00:33:16.938 music2emo.py:309] audio file loaded and feature computation success : /fs/classhomes/amukherj/research/798/modelling/data/paired_edits/input/_canonical/Anaahata_by_Milind_Malshe__Raag_Basanti_Kedar__Raag_Basanti_Kedar__c013.wav
I Music2Emotion 04-21 00:33:19.466 music2emo.py:309] audio file loaded and feature computation success : /fs/classhomes/amukherj/research/798/modelling/data/paired_edits/input/_canonical/Anaahata_by_Milind_Malshe__Raag_Basanti_Kedar__Raag_Basanti_Kedar__c014.wav
I Music2Emotion 04-21 00:33:22.444 music2emo.py:309] audio file loaded and feature computation success : /fs/classhomes/amukherj/research/798/modelling/data/paired_edits/input/_canonical/Anaahata_by_Milind_Malshe__Raag_Basanti_Kedar__Raag_Basanti_Kedar__c015.wav
I Music2Emotion 04-21 00:33:25.114 music2emo.py:309] audio file loaded and feature computation success : /fs/classhomes/amukherj/research/798/modelling/data/paired_edits/input/_canonical/Anaahata_by_Milind_Malshe__Raag_Basanti_Kedar__Raag_Basanti_Kedar__c016.wav
I Music2Emotion 04-21 00:33:28.445 music2emo.py:309] audio file loaded and feature computation success : /fs/classhomes/amukherj/research/798/modelling/data/paired_edits/input/_canonical/Anaahata_by_Milind_Malshe__Raag_Basanti_Kedar__Raag_Basanti_Kedar__c017.wav
[m2e]   0.2% (18/8280)  elapsed=0.05h  eta=21.97h  rate=0.104/s  errs=0  last=input:in:Anaahata_by_Milind_Malshe__Raag_Basan
I Music2Emotion 04-21 00:33:31.753 music2emo.py:309] audio file loaded and feature computation success : /fs/classhomes/amukherj/research/798/modelling/data/paired_edits/input/_canonical/Anaahata_by_Milind_Malshe__Raag_Basanti_Kedar__Raag_Basanti_Kedar__c018.wav
I Music2Emotion 04-21 00:33:35.944 music2emo.py:309] audio file loaded and feature computation success : /fs/classhomes/amukherj/research/798/modelling/data/paired_edits/input/_canonical/Anaahata_by_Milind_Malshe__Raag_Basanti_Kedar__Raag_Basanti_Kedar__c019.wav
I Music2Emotion 04-21 00:33:39.743 music2emo.py:309] audio file loaded and feature computation success : /fs/classhomes/amukherj/research/798/modelling/data/paired_edits/input/_canonical/Anaahata_by_Milind_Malshe__Raag_Basanti_Kedar__Raag_Basanti_Kedar__c020.wav
I Music2Emotion 04-21 00:33:43.953 music2emo.py:309] audio file loaded and feature computation success : /fs/classhomes/amukherj/research/798/modelling/data/paired_edits/input/_canonical/Anaahata_by_Milind_Malshe__Raag_Basanti_Kedar__Raag_Basanti_Kedar__c021.wav
I Music2Emotion 04-21 00:33:47.022 music2emo.py:309] audio file loaded and feature computation success : /fs/classhomes/amukherj/research/798/modelling/data/paired_edits/input/_canonical/Anaahata_by_Milind_Malshe__Raag_Basanti_Kedar__Raag_Basanti_Kedar__c022.wav
I Music2Emotion 04-21 00:33:51.380 music2emo.py:309] audio file loaded and feature computation success : /fs/classhomes/amukherj/research/798/modelling/data/paired_edits/input/_canonical/Anaahata_by_Milind_Malshe__Raag_Basanti_Kedar__Raag_Basanti_Kedar__c023.wav
I Music2Emotion 04-21 00:33:57.320 music2emo.py:309] audio file loaded and feature computation success : /fs/classhomes/amukherj/research/798/modelling/data/paired_edits/input/_canonical/Anaahata_by_Milind_Malshe__Raag_Hindol_Pancham__Raag_Hindol_Pancham__c000.wav
I Music2Emotion 04-21 00:34:05.954 music2emo.py:309] audio file loaded and feature computation success : /fs/classhomes/amukherj/research/798/modelling/data/paired_edits/input/_canonical/Anaahata_by_Milind_Malshe__Raag_Hindol_Pancham__Raag_Hindol_Pancham__c001.wav
[m2e]   0.3% (26/8280)  elapsed=0.06h  eta=18.62h  rate=0.123/s  errs=0  last=input:in:Anaahata_by_Milind_Malshe__Raag_Hindo
I Music2Emotion 04-21 00:34:15.350 music2emo.py:309] audio file loaded and feature computation success : /fs/classhomes/amukherj/research/798/modelling/data/paired_edits/input/_canonical/Anaahata_by_Milind_Malshe__Raag_Hindol_Pancham__Raag_Hindol_Pancham__c002.wav
I Music2Emotion 04-21 00:34:23.034 music2emo.py:309] audio file loaded and feature computation success : /fs/classhomes/amukherj/research/798/modelling/data/paired_edits/input/_canonical/Anaahata_by_Milind_Malshe__Raag_Hindol_Pancham__Raag_Hindol_Pancham__c003.wav
I Music2Emotion 04-21 00:34:33.482 music2emo.py:309] audio file loaded and feature computation success : /fs/classhomes/amukherj/research/798/modelling/data/paired_edits/input/_canonical/Anaahata_by_Milind_Malshe__Raag_Hindol_Pancham__Raag_Hindol_Pancham__c004.wav
I Music2Emotion 04-21 00:34:42.110 music2emo.py:309] audio file loaded and feature computation success : /fs/classhomes/amukherj/research/798/modelling/data/paired_edits/input/_canonical/Anaahata_by_Milind_Malshe__Raag_Hindol_Pancham__Raag_Hindol_Pancham__c005.wav
[m2e]   0.4% (30/8280)  elapsed=0.07h  eta=18.87h  rate=0.121/s  errs=0  last=input:in:Anaahata_by_Milind_Malshe__Raag_Hindo
I Music2Emotion 04-21 00:34:50.725 music2emo.py:309] audio file loaded and feature computation success : /fs/classhomes/amukherj/research/798/modelling/data/paired_edits/input/_canonical/Anaahata_by_Milind_Malshe__Raag_Hindol_Pancham__Raag_Hindol_Pancham__c006.wav
I Music2Emotion 04-21 00:34:58.450 music2emo.py:309] audio file loaded and feature computation success : /fs/classhomes/amukherj/research/798/modelling/data/paired_edits/input/_canonical/Anaahata_by_Milind_Malshe__Raag_Hindol_Pancham__Raag_Hindol_Pancham__c007.wav
I Music2Emotion 04-21 00:35:06.877 music2emo.py:309] audio file loaded and feature computation success : /fs/classhomes/amukherj/research/798/modelling/data/paired_edits/input/_canonical/Anaahata_by_Milind_Malshe__Raag_Hindol_Pancham__Raag_Hindol_Pancham__c008.wav
I Music2Emotion 04-21 00:35:17.956 music2emo.py:309] audio file loaded and feature computation success : /fs/classhomes/amukherj/research/798/modelling/data/paired_edits/input/_canonical/Anaahata_by_Milind_Malshe__Raag_Hindol_Pancham__Raag_Hindol_Pancham__c009.wav
[m2e]   0.4% (34/8280)  elapsed=0.08h  eta=19.01h  rate=0.121/s  errs=0  last=input:in:Anaahata_by_Milind_Malshe__Raag_Hindo
I Music2Emotion 04-21 00:35:25.353 music2emo.py:309] audio file loaded and feature computation success : /fs/classhomes/amukherj/research/798/modelling/data/paired_edits/input/_canonical/Anaahata_by_Milind_Malshe__Raag_Hindol_Pancham__Raag_Hindol_Pancham__c010.wav
I Music2Emotion 04-21 00:35:32.914 music2emo.py:309] audio file loaded and feature computation success : /fs/classhomes/amukherj/research/798/modelling/data/paired_edits/input/_canonical/Anaahata_by_Milind_Malshe__Raag_Hindol_Pancham__Raag_Hindol_Pancham__c011.wav
I Music2Emotion 04-21 00:35:39.947 music2emo.py:309] audio file loaded and feature computation success : /fs/classhomes/amukherj/research/798/modelling/data/paired_edits/input/_canonical/Anaahata_by_Milind_Malshe__Raag_Hindol_Pancham__Raag_Hindol_Pancham__c012.wav
I Music2Emotion 04-21 00:35:48.754 music2emo.py:309] audio file loaded and feature computation success : /fs/classhomes/amukherj/research/798/modelling/data/paired_edits/input/_canonical/Anaahata_by_Milind_Malshe__Raag_Hindol_Pancham__Raag_Hindol_Pancham__c013.wav
[m2e]   0.5% (38/8280)  elapsed=0.09h  eta=18.85h  rate=0.121/s  errs=0  last=input:in:Anaahata_by_Milind_Malshe__Raag_Hindo
I Music2Emotion 04-21 00:35:56.700 music2emo.py:309] audio file loaded and feature computation success : /fs/classhomes/amukherj/research/798/modelling/data/paired_edits/input/_canonical/Anaahata_by_Milind_Malshe__Raag_Hindol_Pancham__Raag_Hindol_Pancham__c014.wav
I Music2Emotion 04-21 00:36:05.715 music2emo.py:309] audio file loaded and feature computation success : /fs/classhomes/amukherj/research/798/modelling/data/paired_edits/input/_canonical/Anaahata_by_Milind_Malshe__Raag_Hindol_Pancham__Raag_Hindol_Pancham__c015.wav
I Music2Emotion 04-21 00:36:12.909 music2emo.py:309] audio file loaded and feature computation success : /fs/classhomes/amukherj/research/798/modelling/data/paired_edits/input/_canonical/Anaahata_by_Milind_Malshe__Raag_Hindol_Pancham__Raag_Hindol_Pancham__c016.wav
I Music2Emotion 04-21 00:36:21.357 music2emo.py:309] audio file loaded and feature computation success : /fs/classhomes/amukherj/research/798/modelling/data/paired_edits/input/_canonical/Anaahata_by_Milind_Malshe__Raag_Hindol_Pancham__Raag_Hindol_Pancham__c017.wav
[m2e]   0.5% (42/8280)  elapsed=0.10h  eta=18.81h  rate=0.122/s  errs=0  last=input:in:Anaahata_by_Milind_Malshe__Raag_Hindo
I Music2Emotion 04-21 00:36:29.592 music2emo.py:309] audio file loaded and feature computation success : /fs/classhomes/amukherj/research/798/modelling/data/paired_edits/input/_canonical/Anaahata_by_Milind_Malshe__Raag_Hindol_Pancham__Raag_Hindol_Pancham__c018.wav
I Music2Emotion 04-21 00:36:37.667 music2emo.py:309] audio file loaded and feature computation success : /fs/classhomes/amukherj/research/798/modelling/data/paired_edits/input/_canonical/Anaahata_by_Milind_Malshe__Raag_Hindol_Pancham__Raag_Hindol_Pancham__c019.wav
I Music2Emotion 04-21 00:36:46.358 music2emo.py:309] audio file loaded and feature computation success : /fs/classhomes/amukherj/research/798/modelling/data/paired_edits/input/_canonical/Anaahata_by_Milind_Malshe__Raag_Hindol_Pancham__Raag_Hindol_Pancham__c020.wav
I Music2Emotion 04-21 00:36:53.519 music2emo.py:309] audio file loaded and feature computation success : /fs/classhomes/amukherj/research/798/modelling/data/paired_edits/input/_canonical/Anaahata_by_Milind_Malshe__Raag_Hindol_Pancham__Raag_Hindol_Pancham__c021.wav
[m2e]   0.6% (46/8280)  elapsed=0.10h  eta=18.78h  rate=0.122/s  errs=0  last=input:in:Anaahata_by_Milind_Malshe__Raag_Hindo
I Music2Emotion 04-21 00:37:01.142 music2emo.py:309] audio file loaded and feature computation success : /fs/classhomes/amukherj/research/798/modelling/data/paired_edits/input/_canonical/Anaahata_by_Milind_Malshe__Raag_Hindol_Pancham__Raag_Hindol_Pancham__c022.wav
I Music2Emotion 04-21 00:37:08.911 music2emo.py:309] audio file loaded and feature computation success : /fs/classhomes/amukherj/research/798/modelling/data/paired_edits/input/_canonical/Anaahata_by_Milind_Malshe__Raag_Hindol_Pancham__Raag_Hindol_Pancham__c023.wav
I Music2Emotion 04-21 00:37:17.610 music2emo.py:309] audio file loaded and feature computation success : /fs/classhomes/amukherj/research/798/modelling/data/paired_edits/input/_canonical/Anaahata_by_Milind_Malshe__Raag_Jait_Kalyan__Raag_Jait_Kalyan__c000.wav
I Music2Emotion 04-21 00:37:24.205 music2emo.py:309] audio file loaded and feature computation success : /fs/classhomes/amukherj/research/798/modelling/data/paired_edits/input/_canonical/Anaahata_by_Milind_Malshe__Raag_Jait_Kalyan__Raag_Jait_Kalyan__c001.wav
[m2e]   0.6% (50/8280)  elapsed=0.11h  eta=18.71h  rate=0.122/s  errs=0  last=input:in:Anaahata_by_Milind_Malshe__Raag_Jait_
I Music2Emotion 04-21 00:37:33.994 music2emo.py:309] audio file loaded and feature computation success : /fs/classhomes/amukherj/research/798/modelling/data/paired_edits/input/_canonical/Anaahata_by_Milind_Malshe__Raag_Jait_Kalyan__Raag_Jait_Kalyan__c002.wav
I Music2Emotion 04-21 00:37:41.312 music2emo.py:309] audio file loaded and feature computation success : /fs/classhomes/amukherj/research/798/modelling/data/paired_edits/input/_canonical/Anaahata_by_Milind_Malshe__Raag_Jait_Kalyan__Raag_Jait_Kalyan__c003.wav
I Music2Emotion 04-21 00:37:49.542 music2emo.py:309] audio file loaded and feature computation success : /fs/classhomes/amukherj/research/798/modelling/data/paired_edits/input/_canonical/Anaahata_by_Milind_Malshe__Raag_Jait_Kalyan__Raag_Jait_Kalyan__c004.wav
I Music2Emotion 04-21 00:37:58.224 music2emo.py:309] audio file loaded and feature computation success : /fs/classhomes/amukherj/research/798/modelling/data/paired_edits/input/_canonical/Anaahata_by_Milind_Malshe__Raag_Jait_Kalyan__Raag_Jait_Kalyan__c005.wav
[m2e]   0.7% (54/8280)  elapsed=0.12h  eta=18.71h  rate=0.122/s  errs=0  last=input:in:Anaahata_by_Milind_Malshe__Raag_Jait_
I Music2Emotion 04-21 00:38:05.698 music2emo.py:309] audio file loaded and feature computation success : /fs/classhomes/amukherj/research/798/modelling/data/paired_edits/input/_canonical/Anaahata_by_Milind_Malshe__Raag_Jait_Kalyan__Raag_Jait_Kalyan__c006.wav
I Music2Emotion 04-21 00:38:16.156 music2emo.py:309] audio file loaded and feature computation success : /fs/classhomes/amukherj/research/798/modelling/data/paired_edits/input/_canonical/Anaahata_by_Milind_Malshe__Raag_Jait_Kalyan__Raag_Jait_Kalyan__c007.wav
I Music2Emotion 04-21 00:38:25.960 music2emo.py:309] audio file loaded and feature computation success : /fs/classhomes/amukherj/research/798/modelling/data/paired_edits/input/_canonical/Anaahata_by_Milind_Malshe__Raag_Jait_Kalyan__Raag_Jait_Kalyan__c008.wav
I Music2Emotion 04-21 00:38:32.945 music2emo.py:309] audio file loaded and feature computation success : /fs/classhomes/amukherj/research/798/modelling/data/paired_edits/input/_canonical/Anaahata_by_Milind_Malshe__Raag_Jait_Kalyan__Raag_Jait_Kalyan__c009.wav
[m2e]   0.7% (58/8280)  elapsed=0.13h  eta=18.78h  rate=0.122/s  errs=0  last=input:in:Anaahata_by_Milind_Malshe__Raag_Jait_
I Music2Emotion 04-21 00:38:40.635 music2emo.py:309] audio file loaded and feature computation success : /fs/classhomes/amukherj/research/798/modelling/data/paired_edits/input/_canonical/Anaahata_by_Milind_Malshe__Raag_Jait_Kalyan__Raag_Jait_Kalyan__c010.wav
I Music2Emotion 04-21 00:38:48.682 music2emo.py:309] audio file loaded and feature computation success : /fs/classhomes/amukherj/research/798/modelling/data/paired_edits/input/_canonical/Anaahata_by_Milind_Malshe__Raag_Jait_Kalyan__Raag_Jait_Kalyan__c011.wav
I Music2Emotion 04-21 00:38:55.675 music2emo.py:309] audio file loaded and feature computation success : /fs/classhomes/amukherj/research/798/modelling/data/paired_edits/input/_canonical/Anaahata_by_Milind_Malshe__Raag_Jait_Kalyan__Raag_Jait_Kalyan__c012.wav
I Music2Emotion 04-21 00:39:04.144 music2emo.py:309] audio file loaded and feature computation success : /fs/classhomes/amukherj/research/798/modelling/data/paired_edits/input/_canonical/Anaahata_by_Milind_Malshe__Raag_Jait_Kalyan__Raag_Jait_Kalyan__c013.wav
[m2e]   0.7% (62/8280)  elapsed=0.14h  eta=18.74h  rate=0.122/s  errs=0  last=input:in:Anaahata_by_Milind_Malshe__Raag_Jait_
I Music2Emotion 04-21 00:39:12.326 music2emo.py:309] audio file loaded and feature computation success : /fs/classhomes/amukherj/research/798/modelling/data/paired_edits/input/_canonical/Anaahata_by_Milind_Malshe__Raag_Jait_Kalyan__Raag_Jait_Kalyan__c014.wav
I Music2Emotion 04-21 00:39:20.414 music2emo.py:309] audio file loaded and feature computation success : /fs/classhomes/amukherj/research/798/modelling/data/paired_edits/input/_canonical/Anaahata_by_Milind_Malshe__Raag_Jait_Kalyan__Raag_Jait_Kalyan__c015.wav
I Music2Emotion 04-21 00:39:31.655 music2emo.py:309] audio file loaded and feature computation success : /fs/classhomes/amukherj/research/798/modelling/data/paired_edits/input/_canonical/Anaahata_by_Milind_Malshe__Raag_Jait_Kalyan__Raag_Jait_Kalyan__c016.wav
I Music2Emotion 04-21 00:39:40.875 music2emo.py:309] audio file loaded and feature computation success : /fs/classhomes/amukherj/research/798/modelling/data/paired_edits/input/_canonical/Anaahata_by_Milind_Malshe__Raag_Jait_Kalyan__Raag_Jait_Kalyan__c017.wav
[m2e]   0.8% (66/8280)  elapsed=0.15h  eta=18.90h  rate=0.121/s  errs=0  last=input:in:Anaahata_by_Milind_Malshe__Raag_Jait_
I Music2Emotion 04-21 00:39:53.512 music2emo.py:309] audio file loaded and feature computation success : /fs/classhomes/amukherj/research/798/modelling/data/paired_edits/input/_canonical/Anaahata_by_Milind_Malshe__Raag_Jait_Kalyan__Raag_Jait_Kalyan__c018.wav
I Music2Emotion 04-21 00:40:03.181 music2emo.py:309] audio file loaded and feature computation success : /fs/classhomes/amukherj/research/798/modelling/data/paired_edits/input/_canonical/Anaahata_by_Milind_Malshe__Raag_Jait_Kalyan__Raag_Jait_Kalyan__c019.wav
I Music2Emotion 04-21 00:40:11.250 music2emo.py:309] audio file loaded and feature computation success : /fs/classhomes/amukherj/research/798/modelling/data/paired_edits/input/_canonical/Anaahata_by_Milind_Malshe__Raag_Jait_Kalyan__Raag_Jait_Kalyan__c020.wav
I Music2Emotion 04-21 00:40:19.369 music2emo.py:309] audio file loaded and feature computation success : /fs/classhomes/amukherj/research/798/modelling/data/paired_edits/input/_canonical/Anaahata_by_Milind_Malshe__Raag_Jait_Kalyan__Raag_Jait_Kalyan__c021.wav
[m2e]   0.8% (70/8280)  elapsed=0.16h  eta=19.01h  rate=0.120/s  errs=0  last=input:in:Anaahata_by_Milind_Malshe__Raag_Jait_
I Music2Emotion 04-21 00:40:27.136 music2emo.py:309] audio file loaded and feature computation success : /fs/classhomes/amukherj/research/798/modelling/data/paired_edits/input/_canonical/Anaahata_by_Milind_Malshe__Raag_Jait_Kalyan__Raag_Jait_Kalyan__c022.wav
I Music2Emotion 04-21 00:40:35.367 music2emo.py:309] audio file loaded and feature computation success : /fs/classhomes/amukherj/research/798/modelling/data/paired_edits/input/_canonical/Anaahata_by_Milind_Malshe__Raag_Jait_Kalyan__Raag_Jait_Kalyan__c023.wav
I Music2Emotion 04-21 00:40:42.623 music2emo.py:309] audio file loaded and feature computation success : /fs/classhomes/amukherj/research/798/modelling/data/paired_edits/input/_canonical/Anaahata_by_Milind_Malshe__Raag_Nat_Kamod__Raag_Nat_Kamod__c000.wav
I Music2Emotion 04-21 00:40:51.795 music2emo.py:309] audio file loaded and feature computation success : /fs/classhomes/amukherj/research/798/modelling/data/paired_edits/input/_canonical/Anaahata_by_Milind_Malshe__Raag_Nat_Kamod__Raag_Nat_Kamod__c001.wav
[m2e]   0.9% (74/8280)  elapsed=0.17h  eta=18.96h  rate=0.120/s  errs=0  last=input:in:Anaahata_by_Milind_Malshe__Raag_Nat_K
I Music2Emotion 04-21 00:40:59.338 music2emo.py:309] audio file loaded and feature computation success : /fs/classhomes/amukherj/research/798/modelling/data/paired_edits/input/_canonical/Anaahata_by_Milind_Malshe__Raag_Nat_Kamod__Raag_Nat_Kamod__c002.wav
I Music2Emotion 04-21 00:41:09.143 music2emo.py:309] audio file loaded and feature computation success : /fs/classhomes/amukherj/research/798/modelling/data/paired_edits/input/_canonical/Anaahata_by_Milind_Malshe__Raag_Nat_Kamod__Raag_Nat_Kamod__c003.wav
I Music2Emotion 04-21 00:41:20.178 music2emo.py:309] audio file loaded and feature computation success : /fs/classhomes/amukherj/research/798/modelling/data/paired_edits/input/_canonical/Anaahata_by_Milind_Malshe__Raag_Nat_Kamod__Raag_Nat_Kamod__c004.wav
I Music2Emotion 04-21 00:41:30.003 music2emo.py:309] audio file loaded and feature computation success : /fs/classhomes/amukherj/research/798/modelling/data/paired_edits/input/_canonical/Anaahata_by_Milind_Malshe__Raag_Nat_Kamod__Raag_Nat_Kamod__c005.wav
[m2e]   0.9% (78/8280)  elapsed=0.18h  eta=19.11h  rate=0.119/s  errs=0  last=input:in:Anaahata_by_Milind_Malshe__Raag_Nat_K
I Music2Emotion 04-21 00:41:38.088 music2emo.py:309] audio file loaded and feature computation success : /fs/classhomes/amukherj/research/798/modelling/data/paired_edits/input/_canonical/Anaahata_by_Milind_Malshe__Raag_Nat_Kamod__Raag_Nat_Kamod__c006.wav
I Music2Emotion 04-21 00:41:46.335 music2emo.py:309] audio file loaded and feature computation success : /fs/classhomes/amukherj/research/798/modelling/data/paired_edits/input/_canonical/Anaahata_by_Milind_Malshe__Raag_Nat_Kamod__Raag_Nat_Kamod__c007.wav
I Music2Emotion 04-21 00:41:54.917 music2emo.py:309] audio file loaded and feature computation success : /fs/classhomes/amukherj/research/798/modelling/data/paired_edits/input/_canonical/Anaahata_by_Milind_Malshe__Raag_Nat_Kamod__Raag_Nat_Kamod__c008.wav
I Music2Emotion 04-21 00:42:03.002 music2emo.py:309] audio file loaded and feature computation success : /fs/classhomes/amukherj/research/798/modelling/data/paired_edits/input/_canonical/Anaahata_by_Milind_Malshe__Raag_Nat_Kamod__Raag_Nat_Kamod__c009.wav
[m2e]   1.0% (82/8280)  elapsed=0.19h  eta=19.08h  rate=0.119/s  errs=0  last=input:in:Anaahata_by_Milind_Malshe__Raag_Nat_K
I Music2Emotion 04-21 00:42:10.690 music2emo.py:309] audio file loaded and feature computation success : /fs/classhomes/amukherj/research/798/modelling/data/paired_edits/input/_canonical/Anaahata_by_Milind_Malshe__Raag_Nat_Kamod__Raag_Nat_Kamod__c010.wav
I Music2Emotion 04-21 00:42:18.205 music2emo.py:309] audio file loaded and feature computation success : /fs/classhomes/amukherj/research/798/modelling/data/paired_edits/input/_canonical/Anaahata_by_Milind_Malshe__Raag_Nat_Kamod__Raag_Nat_Kamod__c011.wav
I Music2Emotion 04-21 00:42:25.145 music2emo.py:309] audio file loaded and feature computation success : /fs/classhomes/amukherj/research/798/modelling/data/paired_edits/input/_canonical/Anaahata_by_Milind_Malshe__Raag_Nat_Kamod__Raag_Nat_Kamod__c012.wav
I Music2Emotion 04-21 00:42:33.248 music2emo.py:309] audio file loaded and feature computation success : /fs/classhomes/amukherj/research/798/modelling/data/paired_edits/input/_canonical/Anaahata_by_Milind_Malshe__Raag_Nat_Kamod__Raag_Nat_Kamod__c013.wav
[m2e]   1.0% (86/8280)  elapsed=0.20h  eta=18.98h  rate=0.120/s  errs=0  last=input:in:Anaahata_by_Milind_Malshe__Raag_Nat_K
I Music2Emotion 04-21 00:42:40.109 music2emo.py:309] audio file loaded and feature computation success : /fs/classhomes/amukherj/research/798/modelling/data/paired_edits/input/_canonical/Anaahata_by_Milind_Malshe__Raag_Nat_Kamod__Raag_Nat_Kamod__c014.wav
I Music2Emotion 04-21 00:42:47.763 music2emo.py:309] audio file loaded and feature computation success : /fs/classhomes/amukherj/research/798/modelling/data/paired_edits/input/_canonical/Anaahata_by_Milind_Malshe__Raag_Nat_Kamod__Raag_Nat_Kamod__c015.wav
I Music2Emotion 04-21 00:42:55.957 music2emo.py:309] audio file loaded and feature computation success : /fs/classhomes/amukherj/research/798/modelling/data/paired_edits/input/_canonical/Anaahata_by_Milind_Malshe__Raag_Nat_Kamod__Raag_Nat_Kamod__c016.wav
I Music2Emotion 04-21 00:43:04.347 music2emo.py:309] audio file loaded and feature computation success : /fs/classhomes/amukherj/research/798/modelling/data/paired_edits/input/_canonical/Anaahata_by_Milind_Malshe__Raag_Nat_Kamod__Raag_Nat_Kamod__c017.wav
[m2e]   1.1% (90/8280)  elapsed=0.21h  eta=18.93h  rate=0.120/s  errs=0  last=input:in:Anaahata_by_Milind_Malshe__Raag_Nat_K
I Music2Emotion 04-21 00:43:11.872 music2emo.py:309] audio file loaded and feature computation success : /fs/classhomes/amukherj/research/798/modelling/data/paired_edits/input/_canonical/Anaahata_by_Milind_Malshe__Raag_Nat_Kamod__Raag_Nat_Kamod__c018.wav
I Music2Emotion 04-21 00:43:19.447 music2emo.py:309] audio file loaded and feature computation success : /fs/classhomes/amukherj/research/798/modelling/data/paired_edits/input/_canonical/Anaahata_by_Milind_Malshe__Raag_Nat_Kamod__Raag_Nat_Kamod__c019.wav
I Music2Emotion 04-21 00:43:26.852 music2emo.py:309] audio file loaded and feature computation success : /fs/classhomes/amukherj/research/798/modelling/data/paired_edits/input/_canonical/Anaahata_by_Milind_Malshe__Raag_Nat_Kamod__Raag_Nat_Kamod__c020.wav
I Music2Emotion 04-21 00:43:34.530 music2emo.py:309] audio file loaded and feature computation success : /fs/classhomes/amukherj/research/798/modelling/data/paired_edits/input/_canonical/Anaahata_by_Milind_Malshe__Raag_Nat_Kamod__Raag_Nat_Kamod__c021.wav
I Music2Emotion 04-21 00:43:40.998 music2emo.py:309] audio file loaded and feature computation success : /fs/classhomes/amukherj/research/798/modelling/data/paired_edits/input/_canonical/Anaahata_by_Milind_Malshe__Raag_Nat_Kamod__Raag_Nat_Kamod__c022.wav
[m2e]   1.1% (95/8280)  elapsed=0.22h  eta=18.79h  rate=0.121/s  errs=0  last=input:in:Anaahata_by_Milind_Malshe__Raag_Nat_K
I Music2Emotion 04-21 00:43:49.178 music2emo.py:309] audio file loaded and feature computation success : /fs/classhomes/amukherj/research/798/modelling/data/paired_edits/input/_canonical/Anaahata_by_Milind_Malshe__Raag_Nat_Kamod__Raag_Nat_Kamod__c023.wav
I Music2Emotion 04-21 00:43:57.475 music2emo.py:309] audio file loaded and feature computation success : /fs/classhomes/amukherj/research/798/modelling/data/paired_edits/input/_canonical/Geetinandan___Part-3_by_Ajoy_Chakrabarty__Maru_Bihag__Maru_Bihag__c000.wav
I Music2Emotion 04-21 00:44:05.058 music2emo.py:309] audio file loaded and feature computation success : /fs/classhomes/amukherj/research/798/modelling/data/paired_edits/input/_canonical/Geetinandan___Part-3_by_Ajoy_Chakrabarty__Maru_Bihag__Maru_Bihag__c001.wav
I Music2Emotion 04-21 00:44:10.862 music2emo.py:309] audio file loaded and feature computation success : /fs/classhomes/amukherj/research/798/modelling/data/paired_edits/input/_canonical/Geetinandan___Part-3_by_Ajoy_Chakrabarty__Maru_Bihag__Maru_Bihag__c002.wav
I Music2Emotion 04-21 00:44:18.384 music2emo.py:309] audio file loaded and feature computation success : /fs/classhomes/amukherj/research/798/modelling/data/paired_edits/input/_canonical/Geetinandan___Part-3_by_Ajoy_Chakrabarty__Maru_Bihag__Maru_Bihag__c003.wav
[m2e]   1.2% (100/8280)  elapsed=0.23h  eta=18.69h  rate=0.122/s  errs=0  last=input:in:Geetinandan___Part-3_by_Ajoy_Chakraba
I Music2Emotion 04-21 00:44:24.958 music2emo.py:309] audio file loaded and feature computation success : /fs/classhomes/amukherj/research/798/modelling/data/paired_edits/input/_canonical/Geetinandan___Part-3_by_Ajoy_Chakrabarty__Maru_Bihag__Maru_Bihag__c004.wav
I Music2Emotion 04-21 00:44:33.341 music2emo.py:309] audio file loaded and feature computation success : /fs/classhomes/amukherj/research/798/modelling/data/paired_edits/input/_canonical/Geetinandan___Part-3_by_Ajoy_Chakrabarty__Maru_Bihag__Maru_Bihag__c005.wav
I Music2Emotion 04-21 00:44:41.415 music2emo.py:309] audio file loaded and feature computation success : /fs/classhomes/amukherj/research/798/modelling/data/paired_edits/input/_canonical/Geetinandan___Part-3_by_Ajoy_Chakrabarty__Maru_Bihag__Maru_Bihag__c006.wav
I Music2Emotion 04-21 00:44:49.967 music2emo.py:309] audio file loaded and feature computation success : /fs/classhomes/amukherj/research/798/modelling/data/paired_edits/input/_canonical/Geetinandan___Part-3_by_Ajoy_Chakrabarty__Maru_Bihag__Maru_Bihag__c007.wav
[m2e]   1.3% (104/8280)  elapsed=0.24h  eta=18.65h  rate=0.122/s  errs=0  last=input:in:Geetinandan___Part-3_by_Ajoy_Chakraba
I Music2Emotion 04-21 00:44:58.314 music2emo.py:309] audio file loaded and feature computation success : /fs/classhomes/amukherj/research/798/modelling/data/paired_edits/input/_canonical/Geetinandan___Part-3_by_Ajoy_Chakrabarty__Maru_Bihag__Maru_Bihag__c008.wav
I Music2Emotion 04-21 00:45:09.153 music2emo.py:309] audio file loaded and feature computation success : /fs/classhomes/amukherj/research/798/modelling/data/paired_edits/input/_canonical/Geetinandan___Part-3_by_Ajoy_Chakrabarty__Maru_Bihag__Maru_Bihag__c009.wav
I Music2Emotion 04-21 00:45:17.084 music2emo.py:309] audio file loaded and feature computation success : /fs/classhomes/amukherj/research/798/modelling/data/paired_edits/input/_canonical/Geetinandan___Part-3_by_Ajoy_Chakrabarty__Maru_Bihag__Maru_Bihag__c010.wav
I Music2Emotion 04-21 00:45:25.018 music2emo.py:309] audio file loaded and feature computation success : /fs/classhomes/amukherj/research/798/modelling/data/paired_edits/input/_canonical/Geetinandan___Part-3_by_Ajoy_Chakrabarty__Maru_Bihag__Maru_Bihag__c011.wav
[m2e]   1.3% (108/8280)  elapsed=0.25h  eta=18.70h  rate=0.121/s  errs=0  last=input:in:Geetinandan___Part-3_by_Ajoy_Chakraba
I Music2Emotion 04-21 00:45:33.625 music2emo.py:309] audio file loaded and feature computation success : /fs/classhomes/amukherj/research/798/modelling/data/paired_edits/input/_canonical/Geetinandan___Part-3_by_Ajoy_Chakrabarty__Maru_Bihag__Maru_Bihag__c012.wav
I Music2Emotion 04-21 00:45:40.862 music2emo.py:309] audio file loaded and feature computation success : /fs/classhomes/amukherj/research/798/modelling/data/paired_edits/input/_canonical/Geetinandan___Part-3_by_Ajoy_Chakrabarty__Maru_Bihag__Maru_Bihag__c013.wav
I Music2Emotion 04-21 00:45:48.972 music2emo.py:309] audio file loaded and feature computation success : /fs/classhomes/amukherj/research/798/modelling/data/paired_edits/input/_canonical/Geetinandan___Part-3_by_Ajoy_Chakrabarty__Maru_Bihag__Maru_Bihag__c014.wav
I Music2Emotion 04-21 00:45:56.201 music2emo.py:309] audio file loaded and feature computation success : /fs/classhomes/amukherj/research/798/modelling/data/paired_edits/input/_canonical/Geetinandan___Part-3_by_Ajoy_Chakrabarty__Maru_Bihag__Maru_Bihag__c015.wav
[m2e]   1.4% (112/8280)  elapsed=0.26h  eta=18.64h  rate=0.122/s  errs=0  last=input:in:Geetinandan___Part-3_by_Ajoy_Chakraba
I Music2Emotion 04-21 00:46:03.761 music2emo.py:309] audio file loaded and feature computation success : /fs/classhomes/amukherj/research/798/modelling/data/paired_edits/input/_canonical/Geetinandan___Part-3_by_Ajoy_Chakrabarty__Maru_Bihag__Maru_Bihag__c016.wav
I Music2Emotion 04-21 00:46:10.563 music2emo.py:309] audio file loaded and feature computation success : /fs/classhomes/amukherj/research/798/modelling/data/paired_edits/input/_canonical/Geetinandan___Part-3_by_Ajoy_Chakrabarty__Maru_Bihag__Maru_Bihag__c017.wav
I Music2Emotion 04-21 00:46:18.758 music2emo.py:309] audio file loaded and feature computation success : /fs/classhomes/amukherj/research/798/modelling/data/paired_edits/input/_canonical/Geetinandan___Part-3_by_Ajoy_Chakrabarty__Maru_Bihag__Maru_Bihag__c018.wav
I Music2Emotion 04-21 00:46:25.475 music2emo.py:309] audio file loaded and feature computation success : /fs/classhomes/amukherj/research/798/modelling/data/paired_edits/input/_canonical/Geetinandan___Part-3_by_Ajoy_Chakrabarty__Maru_Bihag__Maru_Bihag__c019.wav
I Music2Emotion 04-21 00:46:33.575 music2emo.py:309] audio file loaded and feature computation success : /fs/classhomes/amukherj/research/798/modelling/data/paired_edits/input/_canonical/Geetinandan___Part-3_by_Ajoy_Chakrabarty__Maru_Bihag__Maru_Bihag__c020.wav
[m2e]   1.4% (117/8280)  elapsed=0.27h  eta=18.56h  rate=0.122/s  errs=0  last=input:in:Geetinandan___Part-3_by_Ajoy_Chakraba
I Music2Emotion 04-21 00:46:40.615 music2emo.py:309] audio file loaded and feature computation success : /fs/classhomes/amukherj/research/798/modelling/data/paired_edits/input/_canonical/Geetinandan___Part-3_by_Ajoy_Chakrabarty__Maru_Bihag__Maru_Bihag__c021.wav
I Music2Emotion 04-21 00:46:47.124 music2emo.py:309] audio file loaded and feature computation success : /fs/classhomes/amukherj/research/798/modelling/data/paired_edits/input/_canonical/Geetinandan___Part-3_by_Ajoy_Chakrabarty__Maru_Bihag__Maru_Bihag__c022.wav
I Music2Emotion 04-21 00:46:53.484 music2emo.py:309] audio file loaded and feature computation success : /fs/classhomes/amukherj/research/798/modelling/data/paired_edits/input/_canonical/Geetinandan___Part-3_by_Ajoy_Chakrabarty__Maru_Bihag__Maru_Bihag__c023.wav
I Music2Emotion 04-21 00:47:00.097 music2emo.py:309] audio file loaded and feature computation success : /fs/classhomes/amukherj/research/798/modelling/data/paired_edits/input/_canonical/Geetinandan___Part-3_by_Ajoy_Chakrabarty__Sudh_Kalyan__Sudh_Kalyan__c000.wav
I Music2Emotion 04-21 00:47:09.719 music2emo.py:309] audio file loaded and feature computation success : /fs/classhomes/amukherj/research/798/modelling/data/paired_edits/input/_canonical/Geetinandan___Part-3_by_Ajoy_Chakrabarty__Sudh_Kalyan__Sudh_Kalyan__c001.wav
[m2e]   1.5% (122/8280)  elapsed=0.28h  eta=18.46h  rate=0.123/s  errs=0  last=input:in:Geetinandan___Part-3_by_Ajoy_Chakraba
I Music2Emotion 04-21 00:47:20.097 music2emo.py:309] audio file loaded and feature computation success : /fs/classhomes/amukherj/research/798/modelling/data/paired_edits/input/_canonical/Geetinandan___Part-3_by_Ajoy_Chakrabarty__Sudh_Kalyan__Sudh_Kalyan__c002.wav
I Music2Emotion 04-21 00:47:28.781 music2emo.py:309] audio file loaded and feature computation success : /fs/classhomes/amukherj/research/798/modelling/data/paired_edits/input/_canonical/Geetinandan___Part-3_by_Ajoy_Chakrabarty__Sudh_Kalyan__Sudh_Kalyan__c003.wav
I Music2Emotion 04-21 00:47:37.660 music2emo.py:309] audio file loaded and feature computation success : /fs/classhomes/amukherj/research/798/modelling/data/paired_edits/input/_canonical/Geetinandan___Part-3_by_Ajoy_Chakrabarty__Sudh_Kalyan__Sudh_Kalyan__c004.wav
I Music2Emotion 04-21 00:47:46.598 music2emo.py:309] audio file loaded and feature computation success : /fs/classhomes/amukherj/research/798/modelling/data/paired_edits/input/_canonical/Geetinandan___Part-3_by_Ajoy_Chakrabarty__Sudh_Kalyan__Sudh_Kalyan__c005.wav
[m2e]   1.5% (126/8280)  elapsed=0.29h  eta=18.54h  rate=0.122/s  errs=0  last=input:in:Geetinandan___Part-3_by_Ajoy_Chakraba
I Music2Emotion 04-21 00:47:57.667 music2emo.py:309] audio file loaded and feature computation success : /fs/classhomes/amukherj/research/798/modelling/data/paired_edits/input/_canonical/Geetinandan___Part-3_by_Ajoy_Chakrabarty__Sudh_Kalyan__Sudh_Kalyan__c006.wav
I Music2Emotion 04-21 00:48:08.641 music2emo.py:309] audio file loaded and feature computation success : /fs/classhomes/amukherj/research/798/modelling/data/paired_edits/input/_canonical/Geetinandan___Part-3_by_Ajoy_Chakrabarty__Sudh_Kalyan__Sudh_Kalyan__c007.wav
I Music2Emotion 04-21 00:48:16.376 music2emo.py:309] audio file loaded and feature computation success : /fs/classhomes/amukherj/research/798/modelling/data/paired_edits/input/_canonical/Geetinandan___Part-3_by_Ajoy_Chakrabarty__Sudh_Kalyan__Sudh_Kalyan__c008.wav
I Music2Emotion 04-21 00:48:23.614 music2emo.py:309] audio file loaded and feature computation success : /fs/classhomes/amukherj/research/798/modelling/data/paired_edits/input/_canonical/Geetinandan___Part-3_by_Ajoy_Chakrabarty__Sudh_Kalyan__Sudh_Kalyan__c009.wav
[m2e]   1.6% (130/8280)  elapsed=0.30h  eta=18.60h  rate=0.122/s  errs=0  last=input:in:Geetinandan___Part-3_by_Ajoy_Chakraba
I Music2Emotion 04-21 00:48:35.843 music2emo.py:309] audio file loaded and feature computation success : /fs/classhomes/amukherj/research/798/modelling/data/paired_edits/input/_canonical/Geetinandan___Part-3_by_Ajoy_Chakrabarty__Sudh_Kalyan__Sudh_Kalyan__c010.wav
I Music2Emotion 04-21 00:48:48.970 music2emo.py:309] audio file loaded and feature computation success : /fs/classhomes/amukherj/research/798/modelling/data/paired_edits/input/_canonical/Geetinandan___Part-3_by_Ajoy_Chakrabarty__Sudh_Kalyan__Sudh_Kalyan__c011.wav
I Music2Emotion 04-21 00:48:59.769 music2emo.py:309] audio file loaded and feature computation success : /fs/classhomes/amukherj/research/798/modelling/data/paired_edits/input/_canonical/Geetinandan___Part-3_by_Ajoy_Chakrabarty__Sudh_Kalyan__Sudh_Kalyan__c012.wav
[m2e]   1.6% (133/8280)  elapsed=0.31h  eta=18.79h  rate=0.120/s  errs=0  last=input:in:Geetinandan___Part-3_by_Ajoy_Chakraba
I Music2Emotion 04-21 00:49:09.858 music2emo.py:309] audio file loaded and feature computation success : /fs/classhomes/amukherj/research/798/modelling/data/paired_edits/input/_canonical/Geetinandan___Part-3_by_Ajoy_Chakrabarty__Sudh_Kalyan__Sudh_Kalyan__c013.wav
I Music2Emotion 04-21 00:49:19.826 music2emo.py:309] audio file loaded and feature computation success : /fs/classhomes/amukherj/research/798/modelling/data/paired_edits/input/_canonical/Geetinandan___Part-3_by_Ajoy_Chakrabarty__Sudh_Kalyan__Sudh_Kalyan__c014.wav
I Music2Emotion 04-21 00:49:29.831 music2emo.py:309] audio file loaded and feature computation success : /fs/classhomes/amukherj/research/798/modelling/data/paired_edits/input/_canonical/Geetinandan___Part-3_by_Ajoy_Chakrabarty__Sudh_Kalyan__Sudh_Kalyan__c015.wav
I Music2Emotion 04-21 00:49:40.974 music2emo.py:309] audio file loaded and feature computation success : /fs/classhomes/amukherj/research/798/modelling/data/paired_edits/input/_canonical/Geetinandan___Part-3_by_Ajoy_Chakrabarty__Sudh_Kalyan__Sudh_Kalyan__c016.wav
[m2e]   1.7% (137/8280)  elapsed=0.32h  eta=18.90h  rate=0.120/s  errs=0  last=input:in:Geetinandan___Part-3_by_Ajoy_Chakraba
I Music2Emotion 04-21 00:49:51.154 music2emo.py:309] audio file loaded and feature computation success : /fs/classhomes/amukherj/research/798/modelling/data/paired_edits/input/_canonical/Geetinandan___Part-3_by_Ajoy_Chakrabarty__Sudh_Kalyan__Sudh_Kalyan__c017.wav
I Music2Emotion 04-21 00:49:59.329 music2emo.py:309] audio file loaded and feature computation success : /fs/classhomes/amukherj/research/798/modelling/data/paired_edits/input/_canonical/Geetinandan___Part-3_by_Ajoy_Chakrabarty__Sudh_Kalyan__Sudh_Kalyan__c018.wav
I Music2Emotion 04-21 00:50:07.092 music2emo.py:309] audio file loaded and feature computation success : /fs/classhomes/amukherj/research/798/modelling/data/paired_edits/input/_canonical/Geetinandan___Part-3_by_Ajoy_Chakrabarty__Sudh_Kalyan__Sudh_Kalyan__c019.wav
I Music2Emotion 04-21 00:50:15.599 music2emo.py:309] audio file loaded and feature computation success : /fs/classhomes/amukherj/research/798/modelling/data/paired_edits/input/_canonical/Geetinandan___Part-3_by_Ajoy_Chakrabarty__Sudh_Kalyan__Sudh_Kalyan__c020.wav
[m2e]   1.7% (141/8280)  elapsed=0.33h  eta=18.92h  rate=0.120/s  errs=0  last=input:in:Geetinandan___Part-3_by_Ajoy_Chakraba
I Music2Emotion 04-21 00:50:23.859 music2emo.py:309] audio file loaded and feature computation success : /fs/classhomes/amukherj/research/798/modelling/data/paired_edits/input/_canonical/Geetinandan___Part-3_by_Ajoy_Chakrabarty__Sudh_Kalyan__Sudh_Kalyan__c021.wav
I Music2Emotion 04-21 00:50:31.315 music2emo.py:309] audio file loaded and feature computation success : /fs/classhomes/amukherj/research/798/modelling/data/paired_edits/input/_canonical/Geetinandan___Part-3_by_Ajoy_Chakrabarty__Sudh_Kalyan__Sudh_Kalyan__c022.wav
I Music2Emotion 04-21 00:50:37.952 music2emo.py:309] audio file loaded and feature computation success : /fs/classhomes/amukherj/research/798/modelling/data/paired_edits/input/_canonical/Geetinandan___Part-3_by_Ajoy_Chakrabarty__Sudh_Kalyan__Sudh_Kalyan__c023.wav
I Music2Emotion 04-21 00:50:44.253 music2emo.py:309] audio file loaded and feature computation success : /fs/classhomes/amukherj/research/798/modelling/data/paired_edits/input/_canonical/Hindustani_Alaps_by_Kaustuv_Kanti_Ganguli__Raag_Yaman__Raag_Yaman__c000.wav
I Music2Emotion 04-21 00:50:53.925 music2emo.py:309] audio file loaded and feature computation success : /fs/classhomes/amukherj/research/798/modelling/data/paired_edits/input/_canonical/Hindustani_Alaps_by_Kaustuv_Kanti_Ganguli__Raag_Yaman__Raag_Yaman__c001.wav
[m2e]   1.8% (146/8280)  elapsed=0.34h  eta=18.85h  rate=0.120/s  errs=0  last=input:in:Hindustani_Alaps_by_Kaustuv_Kanti_Gan
I Music2Emotion 04-21 00:51:00.820 music2emo.py:309] audio file loaded and feature computation success : /fs/classhomes/amukherj/research/798/modelling/data/paired_edits/input/_canonical/Hindustani_Alaps_by_Kaustuv_Kanti_Ganguli__Raag_Yaman__Raag_Yaman__c002.wav
I Music2Emotion 04-21 00:51:10.499 music2emo.py:309] audio file loaded and feature computation success : /fs/classhomes/amukherj/research/798/modelling/data/paired_edits/input/_canonical/Hindustani_Alaps_by_Kaustuv_Kanti_Ganguli__Raag_Yaman__Raag_Yaman__c003.wav
I Music2Emotion 04-21 00:51:17.817 music2emo.py:309] audio file loaded and feature computation success : /fs/classhomes/amukherj/research/798/modelling/data/paired_edits/input/_canonical/Hindustani_Alaps_by_Kaustuv_Kanti_Ganguli__Raag_Yaman__Raag_Yaman__c004.wav
I Music2Emotion 04-21 00:51:24.014 music2emo.py:309] audio file loaded and feature computation success : /fs/classhomes/amukherj/research/798/modelling/data/paired_edits/input/_canonical/Hindustani_Alaps_by_Kaustuv_Kanti_Ganguli__Raag_Yaman__Raag_Yaman__c005.wav
[m2e]   1.8% (150/8280)  elapsed=0.35h  eta=18.79h  rate=0.120/s  errs=0  last=input:in:Hindustani_Alaps_by_Kaustuv_Kanti_Gan
I Music2Emotion 04-21 00:51:33.181 music2emo.py:309] audio file loaded and feature computation success : /fs/classhomes/amukherj/research/798/modelling/data/paired_edits/input/_canonical/Hindustani_Alaps_by_Kaustuv_Kanti_Ganguli__Raag_Yaman__Raag_Yaman__c006.wav
I Music2Emotion 04-21 00:51:40.589 music2emo.py:309] audio file loaded and feature computation success : /fs/classhomes/amukherj/research/798/modelling/data/paired_edits/input/_canonical/Hindustani_Alaps_by_Kaustuv_Kanti_Ganguli__Raag_Yaman__Raag_Yaman__c007.wav
I Music2Emotion 04-21 00:51:47.029 music2emo.py:309] audio file loaded and feature computation success : /fs/classhomes/amukherj/research/798/modelling/data/paired_edits/input/_canonical/Hindustani_Alaps_by_Kaustuv_Kanti_Ganguli__Raag_Yaman__Raag_Yaman__c008.wav
I Music2Emotion 04-21 00:51:53.688 music2emo.py:309] audio file loaded and feature computation success : /fs/classhomes/amukherj/research/798/modelling/data/paired_edits/input/_canonical/Hindustani_Alaps_by_Kaustuv_Kanti_Ganguli__Raag_Yaman__Raag_Yaman__c009.wav
[m2e]   1.9% (154/8280)  elapsed=0.36h  eta=18.74h  rate=0.120/s  errs=0  last=input:in:Hindustani_Alaps_by_Kaustuv_Kanti_Gan
I Music2Emotion 04-21 00:52:02.235 music2emo.py:309] audio file loaded and feature computation success : /fs/classhomes/amukherj/research/798/modelling/data/paired_edits/input/_canonical/Hindustani_Alaps_by_Kaustuv_Kanti_Ganguli__Raag_Yaman__Raag_Yaman__c010.wav
I Music2Emotion 04-21 00:52:11.417 music2emo.py:309] audio file loaded and feature computation success : /fs/classhomes/amukherj/research/798/modelling/data/paired_edits/input/_canonical/Hindustani_Alaps_by_Kaustuv_Kanti_Ganguli__Raag_Yaman__Raag_Yaman__c011.wav
I Music2Emotion 04-21 00:52:19.372 music2emo.py:309] audio file loaded and feature computation success : /fs/classhomes/amukherj/research/798/modelling/data/paired_edits/input/_canonical/Hindustani_Alaps_by_Kaustuv_Kanti_Ganguli__Raag_Yaman__Raag_Yaman__c012.wav
I Music2Emotion 04-21 00:52:26.607 music2emo.py:309] audio file loaded and feature computation success : /fs/classhomes/amukherj/research/798/modelling/data/paired_edits/input/_canonical/Hindustani_Alaps_by_Kaustuv_Kanti_Ganguli__Raag_Yaman__Raag_Yaman__c013.wav
[m2e]   1.9% (158/8280)  elapsed=0.36h  eta=18.71h  rate=0.121/s  errs=0  last=input:in:Hindustani_Alaps_by_Kaustuv_Kanti_Gan
I Music2Emotion 04-21 00:52:33.754 music2emo.py:309] audio file loaded and feature computation success : /fs/classhomes/amukherj/research/798/modelling/data/paired_edits/input/_canonical/Hindustani_Alaps_by_Kaustuv_Kanti_Ganguli__Raag_Yaman__Raag_Yaman__c014.wav
I Music2Emotion 04-21 00:52:41.787 music2emo.py:309] audio file loaded and feature computation success : /fs/classhomes/amukherj/research/798/modelling/data/paired_edits/input/_canonical/Hindustani_Alaps_by_Kaustuv_Kanti_Ganguli__Raag_Yaman__Raag_Yaman__c015.wav
I Music2Emotion 04-21 00:52:48.649 music2emo.py:309] audio file loaded and feature computation success : /fs/classhomes/amukherj/research/798/modelling/data/paired_edits/input/_canonical/Hindustani_Alaps_by_Kaustuv_Kanti_Ganguli__Raag_Yaman__Raag_Yaman__c016.wav
I Music2Emotion 04-21 00:52:56.043 music2emo.py:309] audio file loaded and feature computation success : /fs/classhomes/amukherj/research/798/modelling/data/paired_edits/input/_canonical/Hindustani_Alaps_by_Kaustuv_Kanti_Ganguli__Raag_Yaman__Raag_Yaman__c017.wav
I Music2Emotion 04-21 00:53:03.608 music2emo.py:309] audio file loaded and feature computation success : /fs/classhomes/amukherj/research/798/modelling/data/paired_edits/input/_canonical/Hindustani_Alaps_by_Kaustuv_Kanti_Ganguli__Raag_Yaman__Raag_Yaman__c018.wav
[m2e]   2.0% (163/8280)  elapsed=0.37h  eta=18.64h  rate=0.121/s  errs=0  last=input:in:Hindustani_Alaps_by_Kaustuv_Kanti_Gan
I Music2Emotion 04-21 00:53:10.891 music2emo.py:309] audio file loaded and feature computation success : /fs/classhomes/amukherj/research/798/modelling/data/paired_edits/input/_canonical/Hindustani_Alaps_by_Kaustuv_Kanti_Ganguli__Raag_Yaman__Raag_Yaman__c019.wav
I Music2Emotion 04-21 00:53:19.323 music2emo.py:309] audio file loaded and feature computation success : /fs/classhomes/amukherj/research/798/modelling/data/paired_edits/input/_canonical/Hindustani_Alaps_by_Kaustuv_Kanti_Ganguli__Raag_Yaman__Raag_Yaman__c020.wav
I Music2Emotion 04-21 00:53:26.127 music2emo.py:309] audio file loaded and feature computation success : /fs/classhomes/amukherj/research/798/modelling/data/paired_edits/input/_canonical/Hindustani_Alaps_by_Kaustuv_Kanti_Ganguli__Raag_Yaman__Raag_Yaman__c021.wav
I Music2Emotion 04-21 00:53:33.056 music2emo.py:309] audio file loaded and feature computation success : /fs/classhomes/amukherj/research/798/modelling/data/paired_edits/input/_canonical/Hindustani_Alaps_by_Kaustuv_Kanti_Ganguli__Raag_Yaman__Raag_Yaman__c022.wav
I Music2Emotion 04-21 00:53:40.411 music2emo.py:309] audio file loaded and feature computation success : /fs/classhomes/amukherj/research/798/modelling/data/paired_edits/input/_canonical/Hindustani_Alaps_by_Kaustuv_Kanti_Ganguli__Raag_Yaman__Raag_Yaman__c023.wav
[m2e]   2.0% (168/8280)  elapsed=0.38h  eta=18.57h  rate=0.121/s  errs=0  last=input:in:Hindustani_Alaps_by_Kaustuv_Kanti_Gan
I Music2Emotion 04-21 00:53:46.810 music2emo.py:309] audio file loaded and feature computation success : /fs/classhomes/amukherj/research/798/modelling/data/paired_edits/input/_canonical/Raag_Bahar__Gaud_Malhar___Yaman_by_Omkar_Dadarkar__Raag_Yaman__Raag_Yaman__c000.wav
I Music2Emotion 04-21 00:53:54.375 music2emo.py:309] audio file loaded and feature computation success : /fs/classhomes/amukherj/research/798/modelling/data/paired_edits/input/_canonical/Raag_Bahar__Gaud_Malhar___Yaman_by_Omkar_Dadarkar__Raag_Yaman__Raag_Yaman__c001.wav
I Music2Emotion 04-21 00:54:03.211 music2emo.py:309] audio file loaded and feature computation success : /fs/classhomes/amukherj/research/798/modelling/data/paired_edits/input/_canonical/Raag_Bahar__Gaud_Malhar___Yaman_by_Omkar_Dadarkar__Raag_Yaman__Raag_Yaman__c002.wav
I Music2Emotion 04-21 00:54:10.392 music2emo.py:309] audio file loaded and feature computation success : /fs/classhomes/amukherj/research/798/modelling/data/paired_edits/input/_canonical/Raag_Bahar__Gaud_Malhar___Yaman_by_Omkar_Dadarkar__Raag_Yaman__Raag_Yaman__c003.wav
I Music2Emotion 04-21 00:54:17.621 music2emo.py:309] audio file loaded and feature computation success : /fs/classhomes/amukherj/research/798/modelling/data/paired_edits/input/_canonical/Raag_Bahar__Gaud_Malhar___Yaman_by_Omkar_Dadarkar__Raag_Yaman__Raag_Yaman__c004.wav
[m2e]   2.1% (173/8280)  elapsed=0.39h  eta=18.51h  rate=0.122/s  errs=0  last=input:in:Raag_Bahar__Gaud_Malhar___Yaman_by_Om
I Music2Emotion 04-21 00:54:24.646 music2emo.py:309] audio file loaded and feature computation success : /fs/classhomes/amukherj/research/798/modelling/data/paired_edits/input/_canonical/Raag_Bahar__Gaud_Malhar___Yaman_by_Omkar_Dadarkar__Raag_Yaman__Raag_Yaman__c005.wav
I Music2Emotion 04-21 00:54:32.415 music2emo.py:309] audio file loaded and feature computation success : /fs/classhomes/amukherj/research/798/modelling/data/paired_edits/input/_canonical/Raag_Bahar__Gaud_Malhar___Yaman_by_Omkar_Dadarkar__Raag_Yaman__Raag_Yaman__c006.wav
I Music2Emotion 04-21 00:54:40.034 music2emo.py:309] audio file loaded and feature computation success : /fs/classhomes/amukherj/research/798/modelling/data/paired_edits/input/_canonical/Raag_Bahar__Gaud_Malhar___Yaman_by_Omkar_Dadarkar__Raag_Yaman__Raag_Yaman__c007.wav
I Music2Emotion 04-21 00:54:47.326 music2emo.py:309] audio file loaded and feature computation success : /fs/classhomes/amukherj/research/798/modelling/data/paired_edits/input/_canonical/Raag_Bahar__Gaud_Malhar___Yaman_by_Omkar_Dadarkar__Raag_Yaman__Raag_Yaman__c008.wav
I Music2Emotion 04-21 00:54:53.781 music2emo.py:309] audio file loaded and feature computation success : /fs/classhomes/amukherj/research/798/modelling/data/paired_edits/input/_canonical/Raag_Bahar__Gaud_Malhar___Yaman_by_Omkar_Dadarkar__Raag_Yaman__Raag_Yaman__c009.wav
[m2e]   2.1% (178/8280)  elapsed=0.41h  eta=18.45h  rate=0.122/s  errs=0  last=input:in:Raag_Bahar__Gaud_Malhar___Yaman_by_Om
I Music2Emotion 04-21 00:54:59.326 music2emo.py:309] audio file loaded and feature computation success : /fs/classhomes/amukherj/research/798/modelling/data/paired_edits/input/_canonical/Raag_Bahar__Gaud_Malhar___Yaman_by_Omkar_Dadarkar__Raag_Yaman__Raag_Yaman__c010.wav
I Music2Emotion 04-21 00:55:07.954 music2emo.py:309] audio file loaded and feature computation success : /fs/classhomes/amukherj/research/798/modelling/data/paired_edits/input/_canonical/Raag_Bahar__Gaud_Malhar___Yaman_by_Omkar_Dadarkar__Raag_Yaman__Raag_Yaman__c011.wav
I Music2Emotion 04-21 00:55:17.710 music2emo.py:309] audio file loaded and feature computation success : /fs/classhomes/amukherj/research/798/modelling/data/paired_edits/input/_canonical/Raag_Bahar__Gaud_Malhar___Yaman_by_Omkar_Dadarkar__Raag_Yaman__Raag_Yaman__c012.wav
I Music2Emotion 04-21 00:55:24.240 music2emo.py:309] audio file loaded and feature computation success : /fs/classhomes/amukherj/research/798/modelling/data/paired_edits/input/_canonical/Raag_Bahar__Gaud_Malhar___Yaman_by_Omkar_Dadarkar__Raag_Yaman__Raag_Yaman__c013.wav
I Music2Emotion 04-21 00:55:32.978 music2emo.py:309] audio file loaded and feature computation success : /fs/classhomes/amukherj/research/798/modelling/data/paired_edits/input/_canonical/Raag_Bahar__Gaud_Malhar___Yaman_by_Omkar_Dadarkar__Raag_Yaman__Raag_Yaman__c014.wav
[m2e]   2.2% (183/8280)  elapsed=0.42h  eta=18.40h  rate=0.122/s  errs=0  last=input:in:Raag_Bahar__Gaud_Malhar___Yaman_by_Om
I Music2Emotion 04-21 00:55:40.392 music2emo.py:309] audio file loaded and feature computation success : /fs/classhomes/amukherj/research/798/modelling/data/paired_edits/input/_canonical/Raag_Bahar__Gaud_Malhar___Yaman_by_Omkar_Dadarkar__Raag_Yaman__Raag_Yaman__c015.wav
I Music2Emotion 04-21 00:55:47.480 music2emo.py:309] audio file loaded and feature computation success : /fs/classhomes/amukherj/research/798/modelling/data/paired_edits/input/_canonical/Raag_Bahar__Gaud_Malhar___Yaman_by_Omkar_Dadarkar__Raag_Yaman__Raag_Yaman__c016.wav
I Music2Emotion 04-21 00:55:54.651 music2emo.py:309] audio file loaded and feature computation success : /fs/classhomes/amukherj/research/798/modelling/data/paired_edits/input/_canonical/Raag_Bahar__Gaud_Malhar___Yaman_by_Omkar_Dadarkar__Raag_Yaman__Raag_Yaman__c017.wav
I Music2Emotion 04-21 00:56:03.037 music2emo.py:309] audio file loaded and feature computation success : /fs/classhomes/amukherj/research/798/modelling/data/paired_edits/input/_canonical/Raag_Bahar__Gaud_Malhar___Yaman_by_Omkar_Dadarkar__Raag_Yaman__Raag_Yaman__c018.wav
I Music2Emotion 04-21 00:56:09.925 music2emo.py:309] audio file loaded and feature computation success : /fs/classhomes/amukherj/research/798/modelling/data/paired_edits/input/_canonical/Raag_Bahar__Gaud_Malhar___Yaman_by_Omkar_Dadarkar__Raag_Yaman__Raag_Yaman__c019.wav
[m2e]   2.3% (188/8280)  elapsed=0.43h  eta=18.34h  rate=0.123/s  errs=0  last=input:in:Raag_Bahar__Gaud_Malhar___Yaman_by_Om
I Music2Emotion 04-21 00:56:22.241 music2emo.py:309] audio file loaded and feature computation success : /fs/classhomes/amukherj/research/798/modelling/data/paired_edits/input/_canonical/Raag_Bahar__Gaud_Malhar___Yaman_by_Omkar_Dadarkar__Raag_Yaman__Raag_Yaman__c020.wav
I Music2Emotion 04-21 00:56:29.885 music2emo.py:309] audio file loaded and feature computation success : /fs/classhomes/amukherj/research/798/modelling/data/paired_edits/input/_canonical/Raag_Bahar__Gaud_Malhar___Yaman_by_Omkar_Dadarkar__Raag_Yaman__Raag_Yaman__c021.wav
I Music2Emotion 04-21 00:56:38.695 music2emo.py:309] audio file loaded and feature computation success : /fs/classhomes/amukherj/research/798/modelling/data/paired_edits/input/_canonical/Raag_Bahar__Gaud_Malhar___Yaman_by_Omkar_Dadarkar__Raag_Yaman__Raag_Yaman__c022.wav
I Music2Emotion 04-21 00:56:46.895 music2emo.py:309] audio file loaded and feature computation success : /fs/classhomes/amukherj/research/798/modelling/data/paired_edits/input/_canonical/Raag_Bahar__Gaud_Malhar___Yaman_by_Omkar_Dadarkar__Raag_Yaman__Raag_Yaman__c023.wav
[m2e]   2.3% (192/8280)  elapsed=0.44h  eta=18.38h  rate=0.122/s  errs=0  last=input:in:Raag_Bahar__Gaud_Malhar___Yaman_by_Om
I Music2Emotion 04-21 00:56:53.507 music2emo.py:309] audio file loaded and feature computation success : /fs/classhomes/amukherj/research/798/modelling/data/paired_edits/input/_canonical/Raag_Bhoopali___Gavti_by_Omkar_Dadarkar__Raag_Bhoopali__Raag_Bhoopali__c000.wav
I Music2Emotion 04-21 00:57:00.022 music2emo.py:309] audio file loaded and feature computation success : /fs/classhomes/amukherj/research/798/modelling/data/paired_edits/input/_canonical/Raag_Bhoopali___Gavti_by_Omkar_Dadarkar__Raag_Bhoopali__Raag_Bhoopali__c001.wav
I Music2Emotion 04-21 00:57:07.052 music2emo.py:309] audio file loaded and feature computation success : /fs/classhomes/amukherj/research/798/modelling/data/paired_edits/input/_canonical/Raag_Bhoopali___Gavti_by_Omkar_Dadarkar__Raag_Bhoopali__Raag_Bhoopali__c002.wav
I Music2Emotion 04-21 00:57:14.681 music2emo.py:309] audio file loaded and feature computation success : /fs/classhomes/amukherj/research/798/modelling/data/paired_edits/input/_canonical/Raag_Bhoopali___Gavti_by_Omkar_Dadarkar__Raag_Bhoopali__Raag_Bhoopali__c003.wav
I Music2Emotion 04-21 00:57:24.054 music2emo.py:309] audio file loaded and feature computation success : /fs/classhomes/amukherj/research/798/modelling/data/paired_edits/input/_canonical/Raag_Bhoopali___Gavti_by_Omkar_Dadarkar__Raag_Bhoopali__Raag_Bhoopali__c004.wav
[m2e]   2.4% (197/8280)  elapsed=0.45h  eta=18.34h  rate=0.122/s  errs=0  last=input:in:Raag_Bhoopali___Gavti_by_Omkar_Dadark
I Music2Emotion 04-21 00:57:31.843 music2emo.py:309] audio file loaded and feature computation success : /fs/classhomes/amukherj/research/798/modelling/data/paired_edits/input/_canonical/Raag_Bhoopali___Gavti_by_Omkar_Dadarkar__Raag_Bhoopali__Raag_Bhoopali__c005.wav
I Music2Emotion 04-21 00:57:39.251 music2emo.py:309] audio file loaded and feature computation success : /fs/classhomes/amukherj/research/798/modelling/data/paired_edits/input/_canonical/Raag_Bhoopali___Gavti_by_Omkar_Dadarkar__Raag_Bhoopali__Raag_Bhoopali__c006.wav
I Music2Emotion 04-21 00:57:47.051 music2emo.py:309] audio file loaded and feature computation success : /fs/classhomes/amukherj/research/798/modelling/data/paired_edits/input/_canonical/Raag_Bhoopali___Gavti_by_Omkar_Dadarkar__Raag_Bhoopali__Raag_Bhoopali__c007.wav
[m2e]   2.4% (200/8280)  elapsed=0.45h  eta=18.31h  rate=0.123/s  errs=0  last=input:in:Raag_Bhoopali___Gavti_by_Omkar_Dadark
I Music2Emotion 04-21 00:57:55.974 music2emo.py:309] audio file loaded and feature computation success : /fs/classhomes/amukherj/research/798/modelling/data/paired_edits/input/_canonical/Raag_Bhoopali___Gavti_by_Omkar_Dadarkar__Raag_Bhoopali__Raag_Bhoopali__c008.wav
I Music2Emotion 04-21 00:58:04.205 music2emo.py:309] audio file loaded and feature computation success : /fs/classhomes/amukherj/research/798/modelling/data/paired_edits/input/_canonical/Raag_Bhoopali___Gavti_by_Omkar_Dadarkar__Raag_Bhoopali__Raag_Bhoopali__c009.wav
I Music2Emotion 04-21 00:58:11.881 music2emo.py:309] audio file loaded and feature computation success : /fs/classhomes/amukherj/research/798/modelling/data/paired_edits/input/_canonical/Raag_Bhoopali___Gavti_by_Omkar_Dadarkar__Raag_Bhoopali__Raag_Bhoopali__c010.wav
I Music2Emotion 04-21 00:58:19.978 music2emo.py:309] audio file loaded and feature computation success : /fs/classhomes/amukherj/research/798/modelling/data/paired_edits/input/_canonical/Raag_Bhoopali___Gavti_by_Omkar_Dadarkar__Raag_Bhoopali__Raag_Bhoopali__c011.wav
[m2e]   2.5% (204/8280)  elapsed=0.46h  eta=18.30h  rate=0.123/s  errs=0  last=input:in:Raag_Bhoopali___Gavti_by_Omkar_Dadark
I Music2Emotion 04-21 00:58:27.043 music2emo.py:309] audio file loaded and feature computation success : /fs/classhomes/amukherj/research/798/modelling/data/paired_edits/input/_canonical/Raag_Bhoopali___Gavti_by_Omkar_Dadarkar__Raag_Bhoopali__Raag_Bhoopali__c012.wav
I Music2Emotion 04-21 00:58:35.193 music2emo.py:309] audio file loaded and feature computation success : /fs/classhomes/amukherj/research/798/modelling/data/paired_edits/input/_canonical/Raag_Bhoopali___Gavti_by_Omkar_Dadarkar__Raag_Bhoopali__Raag_Bhoopali__c013.wav
I Music2Emotion 04-21 00:58:42.929 music2emo.py:309] audio file loaded and feature computation success : /fs/classhomes/amukherj/research/798/modelling/data/paired_edits/input/_canonical/Raag_Bhoopali___Gavti_by_Omkar_Dadarkar__Raag_Bhoopali__Raag_Bhoopali__c014.wav
I Music2Emotion 04-21 00:58:50.701 music2emo.py:309] audio file loaded and feature computation success : /fs/classhomes/amukherj/research/798/modelling/data/paired_edits/input/_canonical/Raag_Bhoopali___Gavti_by_Omkar_Dadarkar__Raag_Bhoopali__Raag_Bhoopali__c015.wav
[m2e]   2.5% (208/8280)  elapsed=0.47h  eta=18.27h  rate=0.123/s  errs=0  last=input:in:Raag_Bhoopali___Gavti_by_Omkar_Dadark
I Music2Emotion 04-21 00:58:58.519 music2emo.py:309] audio file loaded and feature computation success : /fs/classhomes/amukherj/research/798/modelling/data/paired_edits/input/_canonical/Raag_Bhoopali___Gavti_by_Omkar_Dadarkar__Raag_Bhoopali__Raag_Bhoopali__c016.wav
I Music2Emotion 04-21 00:59:06.151 music2emo.py:309] audio file loaded and feature computation success : /fs/classhomes/amukherj/research/798/modelling/data/paired_edits/input/_canonical/Raag_Bhoopali___Gavti_by_Omkar_Dadarkar__Raag_Bhoopali__Raag_Bhoopali__c017.wav
I Music2Emotion 04-21 00:59:14.302 music2emo.py:309] audio file loaded and feature computation success : /fs/classhomes/amukherj/research/798/modelling/data/paired_edits/input/_canonical/Raag_Bhoopali___Gavti_by_Omkar_Dadarkar__Raag_Bhoopali__Raag_Bhoopali__c018.wav
I Music2Emotion 04-21 00:59:21.054 music2emo.py:309] audio file loaded and feature computation success : /fs/classhomes/amukherj/research/798/modelling/data/paired_edits/input/_canonical/Raag_Bhoopali___Gavti_by_Omkar_Dadarkar__Raag_Bhoopali__Raag_Bhoopali__c019.wav
[m2e]   2.6% (212/8280)  elapsed=0.48h  eta=18.23h  rate=0.123/s  errs=0  last=input:in:Raag_Bhoopali___Gavti_by_Omkar_Dadark
I Music2Emotion 04-21 00:59:27.852 music2emo.py:309] audio file loaded and feature computation success : /fs/classhomes/amukherj/research/798/modelling/data/paired_edits/input/_canonical/Raag_Bhoopali___Gavti_by_Omkar_Dadarkar__Raag_Bhoopali__Raag_Bhoopali__c020.wav
I Music2Emotion 04-21 00:59:35.858 music2emo.py:309] audio file loaded and feature computation success : /fs/classhomes/amukherj/research/798/modelling/data/paired_edits/input/_canonical/Raag_Bhoopali___Gavti_by_Omkar_Dadarkar__Raag_Bhoopali__Raag_Bhoopali__c021.wav
I Music2Emotion 04-21 00:59:43.388 music2emo.py:309] audio file loaded and feature computation success : /fs/classhomes/amukherj/research/798/modelling/data/paired_edits/input/_canonical/Raag_Bhoopali___Gavti_by_Omkar_Dadarkar__Raag_Bhoopali__Raag_Bhoopali__c022.wav
I Music2Emotion 04-21 00:59:51.168 music2emo.py:309] audio file loaded and feature computation success : /fs/classhomes/amukherj/research/798/modelling/data/paired_edits/input/_canonical/Raag_Bhoopali___Gavti_by_Omkar_Dadarkar__Raag_Bhoopali__Raag_Bhoopali__c023.wav
[m2e]   2.6% (216/8280)  elapsed=0.49h  eta=18.20h  rate=0.123/s  errs=0  last=input:in:Raag_Bhoopali___Gavti_by_Omkar_Dadark
I Music2Emotion 04-21 00:59:57.569 music2emo.py:309] audio file loaded and feature computation success : /fs/classhomes/amukherj/research/798/modelling/data/paired_edits/input/_canonical/Raag_Bihag___Bhairavi_Dadra_by_Omkar_Dadarkar__Raag_Bihag__Raag_Bihag__c000.wav
I Music2Emotion 04-21 01:00:05.756 music2emo.py:309] audio file loaded and feature computation success : /fs/classhomes/amukherj/research/798/modelling/data/paired_edits/input/_canonical/Raag_Bihag___Bhairavi_Dadra_by_Omkar_Dadarkar__Raag_Bihag__Raag_Bihag__c001.wav
I Music2Emotion 04-21 01:00:13.481 music2emo.py:309] audio file loaded and feature computation success : /fs/classhomes/amukherj/research/798/modelling/data/paired_edits/input/_canonical/Raag_Bihag___Bhairavi_Dadra_by_Omkar_Dadarkar__Raag_Bihag__Raag_Bihag__c002.wav
I Music2Emotion 04-21 01:00:21.830 music2emo.py:309] audio file loaded and feature computation success : /fs/classhomes/amukherj/research/798/modelling/data/paired_edits/input/_canonical/Raag_Bihag___Bhairavi_Dadra_by_Omkar_Dadarkar__Raag_Bihag__Raag_Bihag__c003.wav
[m2e]   2.7% (220/8280)  elapsed=0.50h  eta=18.17h  rate=0.123/s  errs=0  last=input:in:Raag_Bihag___Bhairavi_Dadra_by_Omkar_
I Music2Emotion 04-21 01:00:29.871 music2emo.py:309] audio file loaded and feature computation success : /fs/classhomes/amukherj/research/798/modelling/data/paired_edits/input/_canonical/Raag_Bihag___Bhairavi_Dadra_by_Omkar_Dadarkar__Raag_Bihag__Raag_Bihag__c004.wav
I Music2Emotion 04-21 01:00:39.514 music2emo.py:309] audio file loaded and feature computation success : /fs/classhomes/amukherj/research/798/modelling/data/paired_edits/input/_canonical/Raag_Bihag___Bhairavi_Dadra_by_Omkar_Dadarkar__Raag_Bihag__Raag_Bihag__c005.wav
I Music2Emotion 04-21 01:00:48.335 music2emo.py:309] audio file loaded and feature computation success : /fs/classhomes/amukherj/research/798/modelling/data/paired_edits/input/_canonical/Raag_Bihag___Bhairavi_Dadra_by_Omkar_Dadarkar__Raag_Bihag__Raag_Bihag__c006.wav
I Music2Emotion 04-21 01:00:55.199 music2emo.py:309] audio file loaded and feature computation success : /fs/classhomes/amukherj/research/798/modelling/data/paired_edits/input/_canonical/Raag_Bihag___Bhairavi_Dadra_by_Omkar_Dadarkar__Raag_Bihag__Raag_Bihag__c007.wav
[m2e]   2.7% (224/8280)  elapsed=0.51h  eta=18.17h  rate=0.123/s  errs=0  last=input:in:Raag_Bihag___Bhairavi_Dadra_by_Omkar_
I Music2Emotion 04-21 01:01:01.824 music2emo.py:309] audio file loaded and feature computation success : /fs/classhomes/amukherj/research/798/modelling/data/paired_edits/input/_canonical/Raag_Bihag___Bhairavi_Dadra_by_Omkar_Dadarkar__Raag_Bihag__Raag_Bihag__c008.wav
I Music2Emotion 04-21 01:01:09.345 music2emo.py:309] audio file loaded and feature computation success : /fs/classhomes/amukherj/research/798/modelling/data/paired_edits/input/_canonical/Raag_Bihag___Bhairavi_Dadra_by_Omkar_Dadarkar__Raag_Bihag__Raag_Bihag__c009.wav
I Music2Emotion 04-21 01:01:17.290 music2emo.py:309] audio file loaded and feature computation success : /fs/classhomes/amukherj/research/798/modelling/data/paired_edits/input/_canonical/Raag_Bihag___Bhairavi_Dadra_by_Omkar_Dadarkar__Raag_Bihag__Raag_Bihag__c010.wav
I Music2Emotion 04-21 01:01:24.606 music2emo.py:309] audio file loaded and feature computation success : /fs/classhomes/amukherj/research/798/modelling/data/paired_edits/input/_canonical/Raag_Bihag___Bhairavi_Dadra_by_Omkar_Dadarkar__Raag_Bihag__Raag_Bihag__c011.wav
I Music2Emotion 04-21 01:01:33.051 music2emo.py:309] audio file loaded and feature computation success : /fs/classhomes/amukherj/research/798/modelling/data/paired_edits/input/_canonical/Raag_Bihag___Bhairavi_Dadra_by_Omkar_Dadarkar__Raag_Bihag__Raag_Bihag__c012.wav
[m2e]   2.8% (229/8280)  elapsed=0.52h  eta=18.13h  rate=0.123/s  errs=0  last=input:in:Raag_Bihag___Bhairavi_Dadra_by_Omkar_
I Music2Emotion 04-21 01:01:40.503 music2emo.py:309] audio file loaded and feature computation success : /fs/classhomes/amukherj/research/798/modelling/data/paired_edits/input/_canonical/Raag_Bihag___Bhairavi_Dadra_by_Omkar_Dadarkar__Raag_Bihag__Raag_Bihag__c013.wav
I Music2Emotion 04-21 01:01:48.311 music2emo.py:309] audio file loaded and feature computation success : /fs/classhomes/amukherj/research/798/modelling/data/paired_edits/input/_canonical/Raag_Bihag___Bhairavi_Dadra_by_Omkar_Dadarkar__Raag_Bihag__Raag_Bihag__c014.wav
I Music2Emotion 04-21 01:01:55.353 music2emo.py:309] audio file loaded and feature computation success : /fs/classhomes/amukherj/research/798/modelling/data/paired_edits/input/_canonical/Raag_Bihag___Bhairavi_Dadra_by_Omkar_Dadarkar__Raag_Bihag__Raag_Bihag__c015.wav
I Music2Emotion 04-21 01:02:02.544 music2emo.py:309] audio file loaded and feature computation success : /fs/classhomes/amukherj/research/798/modelling/data/paired_edits/input/_canonical/Raag_Bihag___Bhairavi_Dadra_by_Omkar_Dadarkar__Raag_Bihag__Raag_Bihag__c016.wav
I Music2Emotion 04-21 01:02:09.099 music2emo.py:309] audio file loaded and feature computation success : /fs/classhomes/amukherj/research/798/modelling/data/paired_edits/input/_canonical/Raag_Bihag___Bhairavi_Dadra_by_Omkar_Dadarkar__Raag_Bihag__Raag_Bihag__c017.wav
[m2e]   2.8% (234/8280)  elapsed=0.53h  eta=18.08h  rate=0.124/s  errs=0  last=input:in:Raag_Bihag___Bhairavi_Dadra_by_Omkar_
I Music2Emotion 04-21 01:02:16.989 music2emo.py:309] audio file loaded and feature computation success : /fs/classhomes/amukherj/research/798/modelling/data/paired_edits/input/_canonical/Raag_Bihag___Bhairavi_Dadra_by_Omkar_Dadarkar__Raag_Bihag__Raag_Bihag__c018.wav
I Music2Emotion 04-21 01:02:24.207 music2emo.py:309] audio file loaded and feature computation success : /fs/classhomes/amukherj/research/798/modelling/data/paired_edits/input/_canonical/Raag_Bihag___Bhairavi_Dadra_by_Omkar_Dadarkar__Raag_Bihag__Raag_Bihag__c019.wav
I Music2Emotion 04-21 01:02:32.313 music2emo.py:309] audio file loaded and feature computation success : /fs/classhomes/amukherj/research/798/modelling/data/paired_edits/input/_canonical/Raag_Bihag___Bhairavi_Dadra_by_Omkar_Dadarkar__Raag_Bihag__Raag_Bihag__c020.wav
I Music2Emotion 04-21 01:02:39.763 music2emo.py:309] audio file loaded and feature computation success : /fs/classhomes/amukherj/research/798/modelling/data/paired_edits/input/_canonical/Raag_Bihag___Bhairavi_Dadra_by_Omkar_Dadarkar__Raag_Bihag__Raag_Bihag__c021.wav
[m2e]   2.9% (238/8280)  elapsed=0.53h  eta=18.06h  rate=0.124/s  errs=0  last=input:in:Raag_Bihag___Bhairavi_Dadra_by_Omkar_
I Music2Emotion 04-21 01:02:47.669 music2emo.py:309] audio file loaded and feature computation success : /fs/classhomes/amukherj/research/798/modelling/data/paired_edits/input/_canonical/Raag_Bihag___Bhairavi_Dadra_by_Omkar_Dadarkar__Raag_Bihag__Raag_Bihag__c022.wav
I Music2Emotion 04-21 01:02:55.008 music2emo.py:309] audio file loaded and feature computation success : /fs/classhomes/amukherj/research/798/modelling/data/paired_edits/input/_canonical/Raag_Bihag___Bhairavi_Dadra_by_Omkar_Dadarkar__Raag_Bihag__Raag_Bihag__c023.wav
I Music2Emotion 04-21 01:03:02.021 music2emo.py:309] audio file loaded and feature computation success : /fs/classhomes/amukherj/research/798/modelling/data/paired_edits/input/_canonical/Raag_Bihag_by_Deborshee_Bhattacharya__Raag_Bihag__Raag_Bihag__c000.wav
I Music2Emotion 04-21 01:03:09.131 music2emo.py:309] audio file loaded and feature computation success : /fs/classhomes/amukherj/research/798/modelling/data/paired_edits/input/_canonical/Raag_Bihag_by_Deborshee_Bhattacharya__Raag_Bihag__Raag_Bihag__c001.wav
I Music2Emotion 04-21 01:03:17.700 music2emo.py:309] audio file loaded and feature computation success : /fs/classhomes/amukherj/research/798/modelling/data/paired_edits/input/_canonical/Raag_Bihag_by_Deborshee_Bhattacharya__Raag_Bihag__Raag_Bihag__c002.wav
[m2e]   2.9% (243/8280)  elapsed=0.55h  eta=18.03h  rate=0.124/s  errs=0  last=input:in:Raag_Bihag_by_Deborshee_Bhattacharya_
I Music2Emotion 04-21 01:03:25.985 music2emo.py:309] audio file loaded and feature computation success : /fs/classhomes/amukherj/research/798/modelling/data/paired_edits/input/_canonical/Raag_Bihag_by_Deborshee_Bhattacharya__Raag_Bihag__Raag_Bihag__c003.wav
I Music2Emotion 04-21 01:03:33.065 music2emo.py:309] audio file loaded and feature computation success : /fs/classhomes/amukherj/research/798/modelling/data/paired_edits/input/_canonical/Raag_Bihag_by_Deborshee_Bhattacharya__Raag_Bihag__Raag_Bihag__c004.wav
I Music2Emotion 04-21 01:03:40.315 music2emo.py:309] audio file loaded and feature computation success : /fs/classhomes/amukherj/research/798/modelling/data/paired_edits/input/_canonical/Raag_Bihag_by_Deborshee_Bhattacharya__Raag_Bihag__Raag_Bihag__c005.wav
I Music2Emotion 04-21 01:03:45.028 music2emo.py:309] audio file loaded and feature computation success : /fs/classhomes/amukherj/research/798/modelling/data/paired_edits/input/_canonical/Raag_Bihag_by_Deborshee_Bhattacharya__Raag_Bihag__Raag_Bihag__c006.wav
I Music2Emotion 04-21 01:03:53.041 music2emo.py:309] audio file loaded and feature computation success : /fs/classhomes/amukherj/research/798/modelling/data/paired_edits/input/_canonical/Raag_Bihag_by_Deborshee_Bhattacharya__Raag_Bihag__Raag_Bihag__c007.wav
[m2e]   3.0% (248/8280)  elapsed=0.55h  eta=17.97h  rate=0.124/s  errs=0  last=input:in:Raag_Bihag_by_Deborshee_Bhattacharya_
I Music2Emotion 04-21 01:03:59.459 music2emo.py:309] audio file loaded and feature computation success : /fs/classhomes/amukherj/research/798/modelling/data/paired_edits/input/_canonical/Raag_Bihag_by_Deborshee_Bhattacharya__Raag_Bihag__Raag_Bihag__c008.wav
I Music2Emotion 04-21 01:04:07.659 music2emo.py:309] audio file loaded and feature computation success : /fs/classhomes/amukherj/research/798/modelling/data/paired_edits/input/_canonical/Raag_Bihag_by_Deborshee_Bhattacharya__Raag_Bihag__Raag_Bihag__c009.wav
[m2e]   3.0% (250/8280)  elapsed=0.56h  eta=17.95h  rate=0.124/s  errs=0  last=input:in:Raag_Bihag_by_Deborshee_Bhattacharya_
I Music2Emotion 04-21 01:04:15.707 music2emo.py:309] audio file loaded and feature computation success : /fs/classhomes/amukherj/research/798/modelling/data/paired_edits/input/_canonical/Raag_Bihag_by_Deborshee_Bhattacharya__Raag_Bihag__Raag_Bihag__c010.wav
I Music2Emotion 04-21 01:04:25.090 music2emo.py:309] audio file loaded and feature computation success : /fs/classhomes/amukherj/research/798/modelling/data/paired_edits/input/_canonical/Raag_Bihag_by_Deborshee_Bhattacharya__Raag_Bihag__Raag_Bihag__c011.wav
I Music2Emotion 04-21 01:04:31.709 music2emo.py:309] audio file loaded and feature computation success : /fs/classhomes/amukherj/research/798/modelling/data/paired_edits/input/_canonical/Raag_Bihag_by_Deborshee_Bhattacharya__Raag_Bihag__Raag_Bihag__c012.wav
I Music2Emotion 04-21 01:04:38.623 music2emo.py:309] audio file loaded and feature computation success : /fs/classhomes/amukherj/research/798/modelling/data/paired_edits/input/_canonical/Raag_Bihag_by_Deborshee_Bhattacharya__Raag_Bihag__Raag_Bihag__c013.wav
[m2e]   3.1% (254/8280)  elapsed=0.57h  eta=17.93h  rate=0.124/s  errs=0  last=input:in:Raag_Bihag_by_Deborshee_Bhattacharya_
I Music2Emotion 04-21 01:04:46.522 music2emo.py:309] audio file loaded and feature computation success : /fs/classhomes/amukherj/research/798/modelling/data/paired_edits/input/_canonical/Raag_Bihag_by_Deborshee_Bhattacharya__Raag_Bihag__Raag_Bihag__c014.wav
I Music2Emotion 04-21 01:04:54.268 music2emo.py:309] audio file loaded and feature computation success : /fs/classhomes/amukherj/research/798/modelling/data/paired_edits/input/_canonical/Raag_Bihag_by_Deborshee_Bhattacharya__Raag_Bihag__Raag_Bihag__c015.wav
I Music2Emotion 04-21 01:05:01.727 music2emo.py:309] audio file loaded and feature computation success : /fs/classhomes/amukherj/research/798/modelling/data/paired_edits/input/_canonical/Raag_Bihag_by_Deborshee_Bhattacharya__Raag_Bihag__Raag_Bihag__c016.wav
I Music2Emotion 04-21 01:05:08.997 music2emo.py:309] audio file loaded and feature computation success : /fs/classhomes/amukherj/research/798/modelling/data/paired_edits/input/_canonical/Raag_Bihag_by_Deborshee_Bhattacharya__Raag_Bihag__Raag_Bihag__c017.wav
[m2e]   3.1% (258/8280)  elapsed=0.58h  eta=17.92h  rate=0.124/s  errs=0  last=input:in:Raag_Bihag_by_Deborshee_Bhattacharya_
I Music2Emotion 04-21 01:05:18.165 music2emo.py:309] audio file loaded and feature computation success : /fs/classhomes/amukherj/research/798/modelling/data/paired_edits/input/_canonical/Raag_Bihag_by_Deborshee_Bhattacharya__Raag_Bihag__Raag_Bihag__c018.wav
I Music2Emotion 04-21 01:05:25.978 music2emo.py:309] audio file loaded and feature computation success : /fs/classhomes/amukherj/research/798/modelling/data/paired_edits/input/_canonical/Raag_Bihag_by_Deborshee_Bhattacharya__Raag_Bihag__Raag_Bihag__c019.wav
I Music2Emotion 04-21 01:05:33.828 music2emo.py:309] audio file loaded and feature computation success : /fs/classhomes/amukherj/research/798/modelling/data/paired_edits/input/_canonical/Raag_Bihag_by_Deborshee_Bhattacharya__Raag_Bihag__Raag_Bihag__c020.wav
I Music2Emotion 04-21 01:05:42.633 music2emo.py:309] audio file loaded and feature computation success : /fs/classhomes/amukherj/research/798/modelling/data/paired_edits/input/_canonical/Raag_Bihag_by_Deborshee_Bhattacharya__Raag_Bihag__Raag_Bihag__c021.wav
[m2e]   3.2% (262/8280)  elapsed=0.59h  eta=17.91h  rate=0.124/s  errs=0  last=input:in:Raag_Bihag_by_Deborshee_Bhattacharya_
I Music2Emotion 04-21 01:05:49.738 music2emo.py:309] audio file loaded and feature computation success : /fs/classhomes/amukherj/research/798/modelling/data/paired_edits/input/_canonical/Raag_Bihag_by_Deborshee_Bhattacharya__Raag_Bihag__Raag_Bihag__c022.wav
I Music2Emotion 04-21 01:05:56.361 music2emo.py:309] audio file loaded and feature computation success : /fs/classhomes/amukherj/research/798/modelling/data/paired_edits/input/_canonical/Raag_Bihag_by_Deborshee_Bhattacharya__Raag_Bihag__Raag_Bihag__c023.wav
I Music2Emotion 04-21 01:06:03.679 music2emo.py:309] audio file loaded and feature computation success : /fs/classhomes/amukherj/research/798/modelling/data/paired_edits/input/_canonical/Raag_Jog___Hameer_by_Brajeshwar_Mukherjee__Raag_Hameer__Raag_Hameer__c000.wav
I Music2Emotion 04-21 01:06:11.001 music2emo.py:309] audio file loaded and feature computation success : /fs/classhomes/amukherj/research/798/modelling/data/paired_edits/input/_canonical/Raag_Jog___Hameer_by_Brajeshwar_Mukherjee__Raag_Hameer__Raag_Hameer__c001.wav
I Music2Emotion 04-21 01:06:18.285 music2emo.py:309] audio file loaded and feature computation success : /fs/classhomes/amukherj/research/798/modelling/data/paired_edits/input/_canonical/Raag_Jog___Hameer_by_Brajeshwar_Mukherjee__Raag_Hameer__Raag_Hameer__c002.wav
[m2e]   3.2% (267/8280)  elapsed=0.60h  eta=17.86h  rate=0.125/s  errs=0  last=input:in:Raag_Jog___Hameer_by_Brajeshwar_Mukhe
I Music2Emotion 04-21 01:06:25.162 music2emo.py:309] audio file loaded and feature computation success : /fs/classhomes/amukherj/research/798/modelling/data/paired_edits/input/_canonical/Raag_Jog___Hameer_by_Brajeshwar_Mukherjee__Raag_Hameer__Raag_Hameer__c003.wav
I Music2Emotion 04-21 01:06:35.548 music2emo.py:309] audio file loaded and feature computation success : /fs/classhomes/amukherj/research/798/modelling/data/paired_edits/input/_canonical/Raag_Jog___Hameer_by_Brajeshwar_Mukherjee__Raag_Hameer__Raag_Hameer__c004.wav
I Music2Emotion 04-21 01:06:44.172 music2emo.py:309] audio file loaded and feature computation success : /fs/classhomes/amukherj/research/798/modelling/data/paired_edits/input/_canonical/Raag_Jog___Hameer_by_Brajeshwar_Mukherjee__Raag_Hameer__Raag_Hameer__c005.wav
I Music2Emotion 04-21 01:06:52.541 music2emo.py:309] audio file loaded and feature computation success : /fs/classhomes/amukherj/research/798/modelling/data/paired_edits/input/_canonical/Raag_Jog___Hameer_by_Brajeshwar_Mukherjee__Raag_Hameer__Raag_Hameer__c006.wav
[m2e]   3.3% (271/8280)  elapsed=0.60h  eta=17.87h  rate=0.125/s  errs=0  last=input:in:Raag_Jog___Hameer_by_Brajeshwar_Mukhe
I Music2Emotion 04-21 01:07:01.157 music2emo.py:309] audio file loaded and feature computation success : /fs/classhomes/amukherj/research/798/modelling/data/paired_edits/input/_canonical/Raag_Jog___Hameer_by_Brajeshwar_Mukherjee__Raag_Hameer__Raag_Hameer__c007.wav
I Music2Emotion 04-21 01:07:09.674 music2emo.py:309] audio file loaded and feature computation success : /fs/classhomes/amukherj/research/798/modelling/data/paired_edits/input/_canonical/Raag_Jog___Hameer_by_Brajeshwar_Mukherjee__Raag_Hameer__Raag_Hameer__c008.wav
I Music2Emotion 04-21 01:07:17.775 music2emo.py:309] audio file loaded and feature computation success : /fs/classhomes/amukherj/research/798/modelling/data/paired_edits/input/_canonical/Raag_Jog___Hameer_by_Brajeshwar_Mukherjee__Raag_Hameer__Raag_Hameer__c009.wav
I Music2Emotion 04-21 01:07:25.665 music2emo.py:309] audio file loaded and feature computation success : /fs/classhomes/amukherj/research/798/modelling/data/paired_edits/input/_canonical/Raag_Jog___Hameer_by_Brajeshwar_Mukherjee__Raag_Hameer__Raag_Hameer__c010.wav
[m2e]   3.3% (275/8280)  elapsed=0.61h  eta=17.87h  rate=0.124/s  errs=0  last=input:in:Raag_Jog___Hameer_by_Brajeshwar_Mukhe
I Music2Emotion 04-21 01:07:34.309 music2emo.py:309] audio file loaded and feature computation success : /fs/classhomes/amukherj/research/798/modelling/data/paired_edits/input/_canonical/Raag_Jog___Hameer_by_Brajeshwar_Mukherjee__Raag_Hameer__Raag_Hameer__c011.wav
I Music2Emotion 04-21 01:07:41.897 music2emo.py:309] audio file loaded and feature computation success : /fs/classhomes/amukherj/research/798/modelling/data/paired_edits/input/_canonical/Raag_Jog___Hameer_by_Brajeshwar_Mukherjee__Raag_Hameer__Raag_Hameer__c012.wav
I Music2Emotion 04-21 01:07:49.190 music2emo.py:309] audio file loaded and feature computation success : /fs/classhomes/amukherj/research/798/modelling/data/paired_edits/input/_canonical/Raag_Jog___Hameer_by_Brajeshwar_Mukherjee__Raag_Hameer__Raag_Hameer__c013.wav
I Music2Emotion 04-21 01:07:56.571 music2emo.py:309] audio file loaded and feature computation success : /fs/classhomes/amukherj/research/798/modelling/data/paired_edits/input/_canonical/Raag_Jog___Hameer_by_Brajeshwar_Mukherjee__Raag_Hameer__Raag_Hameer__c014.wav
[m2e]   3.4% (279/8280)  elapsed=0.62h  eta=17.85h  rate=0.125/s  errs=0  last=input:in:Raag_Jog___Hameer_by_Brajeshwar_Mukhe
I Music2Emotion 04-21 01:08:04.870 music2emo.py:309] audio file loaded and feature computation success : /fs/classhomes/amukherj/research/798/modelling/data/paired_edits/input/_canonical/Raag_Jog___Hameer_by_Brajeshwar_Mukherjee__Raag_Hameer__Raag_Hameer__c015.wav
I Music2Emotion 04-21 01:08:11.672 music2emo.py:309] audio file loaded and feature computation success : /fs/classhomes/amukherj/research/798/modelling/data/paired_edits/input/_canonical/Raag_Jog___Hameer_by_Brajeshwar_Mukherjee__Raag_Hameer__Raag_Hameer__c016.wav
I Music2Emotion 04-21 01:08:19.061 music2emo.py:309] audio file loaded and feature computation success : /fs/classhomes/amukherj/research/798/modelling/data/paired_edits/input/_canonical/Raag_Jog___Hameer_by_Brajeshwar_Mukherjee__Raag_Hameer__Raag_Hameer__c017.wav
I Music2Emotion 04-21 01:08:26.487 music2emo.py:309] audio file loaded and feature computation success : /fs/classhomes/amukherj/research/798/modelling/data/paired_edits/input/_canonical/Raag_Jog___Hameer_by_Brajeshwar_Mukherjee__Raag_Hameer__Raag_Hameer__c018.wav
[m2e]   3.4% (283/8280)  elapsed=0.63h  eta=17.82h  rate=0.125/s  errs=0  last=input:in:Raag_Jog___Hameer_by_Brajeshwar_Mukhe
I Music2Emotion 04-21 01:08:34.939 music2emo.py:309] audio file loaded and feature computation success : /fs/classhomes/amukherj/research/798/modelling/data/paired_edits/input/_canonical/Raag_Jog___Hameer_by_Brajeshwar_Mukherjee__Raag_Hameer__Raag_Hameer__c019.wav
I Music2Emotion 04-21 01:08:42.981 music2emo.py:309] audio file loaded and feature computation success : /fs/classhomes/amukherj/research/798/modelling/data/paired_edits/input/_canonical/Raag_Jog___Hameer_by_Brajeshwar_Mukherjee__Raag_Hameer__Raag_Hameer__c020.wav
I Music2Emotion 04-21 01:08:50.909 music2emo.py:309] audio file loaded and feature computation success : /fs/classhomes/amukherj/research/798/modelling/data/paired_edits/input/_canonical/Raag_Jog___Hameer_by_Brajeshwar_Mukherjee__Raag_Hameer__Raag_Hameer__c021.wav
I Music2Emotion 04-21 01:08:58.644 music2emo.py:309] audio file loaded and feature computation success : /fs/classhomes/amukherj/research/798/modelling/data/paired_edits/input/_canonical/Raag_Jog___Hameer_by_Brajeshwar_Mukherjee__Raag_Hameer__Raag_Hameer__c022.wav
[m2e]   3.5% (287/8280)  elapsed=0.64h  eta=17.82h  rate=0.125/s  errs=0  last=input:in:Raag_Jog___Hameer_by_Brajeshwar_Mukhe
I Music2Emotion 04-21 01:09:06.854 music2emo.py:309] audio file loaded and feature computation success : /fs/classhomes/amukherj/research/798/modelling/data/paired_edits/input/_canonical/Raag_Jog___Hameer_by_Brajeshwar_Mukherjee__Raag_Hameer__Raag_Hameer__c023.wav
I Music2Emotion 04-21 01:09:16.445 music2emo.py:309] audio file loaded and feature computation success : /fs/classhomes/amukherj/research/798/modelling/data/paired_edits/input/_canonical/Raag_Kalyan__Bhimpalasi___Dhani_by_Satyasheel_Deshpande__Raag_Kalyan__Raag_Kalyan__c000.wav
I Music2Emotion 04-21 01:09:23.560 music2emo.py:309] audio file loaded and feature computation success : /fs/classhomes/amukherj/research/798/modelling/data/paired_edits/input/_canonical/Raag_Kalyan__Bhimpalasi___Dhani_by_Satyasheel_Deshpande__Raag_Kalyan__Raag_Kalyan__c001.wav
I Music2Emotion 04-21 01:09:30.118 music2emo.py:309] audio file loaded and feature computation success : /fs/classhomes/amukherj/research/798/modelling/data/paired_edits/input/_canonical/Raag_Kalyan__Bhimpalasi___Dhani_by_Satyasheel_Deshpande__Raag_Kalyan__Raag_Kalyan__c002.wav
[m2e]   3.5% (291/8280)  elapsed=0.65h  eta=17.80h  rate=0.125/s  errs=0  last=input:in:Raag_Kalyan__Bhimpalasi___Dhani_by_Sa
I Music2Emotion 04-21 01:09:37.528 music2emo.py:309] audio file loaded and feature computation success : /fs/classhomes/amukherj/research/798/modelling/data/paired_edits/input/_canonical/Raag_Kalyan__Bhimpalasi___Dhani_by_Satyasheel_Deshpande__Raag_Kalyan__Raag_Kalyan__c003.wav
I Music2Emotion 04-21 01:09:46.695 music2emo.py:309] audio file loaded and feature computation success : /fs/classhomes/amukherj/research/798/modelling/data/paired_edits/input/_canonical/Raag_Kalyan__Bhimpalasi___Dhani_by_Satyasheel_Deshpande__Raag_Kalyan__Raag_Kalyan__c004.wav
I Music2Emotion 04-21 01:09:57.489 music2emo.py:309] audio file loaded and feature computation success : /fs/classhomes/amukherj/research/798/modelling/data/paired_edits/input/_canonical/Raag_Kalyan__Bhimpalasi___Dhani_by_Satyasheel_Deshpande__Raag_Kalyan__Raag_Kalyan__c005.wav
I Music2Emotion 04-21 01:10:07.765 music2emo.py:309] audio file loaded and feature computation success : /fs/classhomes/amukherj/research/798/modelling/data/paired_edits/input/_canonical/Raag_Kalyan__Bhimpalasi___Dhani_by_Satyasheel_Deshpande__Raag_Kalyan__Raag_Kalyan__c006.wav
[m2e]   3.6% (295/8280)  elapsed=0.66h  eta=17.84h  rate=0.124/s  errs=0  last=input:in:Raag_Kalyan__Bhimpalasi___Dhani_by_Sa
I Music2Emotion 04-21 01:10:17.954 music2emo.py:309] audio file loaded and feature computation success : /fs/classhomes/amukherj/research/798/modelling/data/paired_edits/input/_canonical/Raag_Kalyan__Bhimpalasi___Dhani_by_Satyasheel_Deshpande__Raag_Kalyan__Raag_Kalyan__c007.wav
I Music2Emotion 04-21 01:10:29.658 music2emo.py:309] audio file loaded and feature computation success : /fs/classhomes/amukherj/research/798/modelling/data/paired_edits/input/_canonical/Raag_Kalyan__Bhimpalasi___Dhani_by_Satyasheel_Deshpande__Raag_Kalyan__Raag_Kalyan__c008.wav
I Music2Emotion 04-21 01:10:42.041 music2emo.py:309] audio file loaded and feature computation success : /fs/classhomes/amukherj/research/798/modelling/data/paired_edits/input/_canonical/Raag_Kalyan__Bhimpalasi___Dhani_by_Satyasheel_Deshpande__Raag_Kalyan__Raag_Kalyan__c009.wav
[m2e]   3.6% (298/8280)  elapsed=0.67h  eta=17.91h  rate=0.124/s  errs=0  last=input:in:Raag_Kalyan__Bhimpalasi___Dhani_by_Sa
I Music2Emotion 04-21 01:10:52.790 music2emo.py:309] audio file loaded and feature computation success : /fs/classhomes/amukherj/research/798/modelling/data/paired_edits/input/_canonical/Raag_Kalyan__Bhimpalasi___Dhani_by_Satyasheel_Deshpande__Raag_Kalyan__Raag_Kalyan__c010.wav
I Music2Emotion 04-21 01:11:00.154 music2emo.py:309] audio file loaded and feature computation success : /fs/classhomes/amukherj/research/798/modelling/data/paired_edits/input/_canonical/Raag_Kalyan__Bhimpalasi___Dhani_by_Satyasheel_Deshpande__Raag_Kalyan__Raag_Kalyan__c011.wav
[m2e]   3.6% (300/8280)  elapsed=0.67h  eta=17.91h  rate=0.124/s  errs=0  last=input:in:Raag_Kalyan__Bhimpalasi___Dhani_by_Sa
I Music2Emotion 04-21 01:11:08.497 music2emo.py:309] audio file loaded and feature computation success : /fs/classhomes/amukherj/research/798/modelling/data/paired_edits/input/_canonical/Raag_Kalyan__Bhimpalasi___Dhani_by_Satyasheel_Deshpande__Raag_Kalyan__Raag_Kalyan__c012.wav
I Music2Emotion 04-21 01:11:16.676 music2emo.py:309] audio file loaded and feature computation success : /fs/classhomes/amukherj/research/798/modelling/data/paired_edits/input/_canonical/Raag_Kalyan__Bhimpalasi___Dhani_by_Satyasheel_Deshpande__Raag_Kalyan__Raag_Kalyan__c013.wav
I Music2Emotion 04-21 01:11:24.769 music2emo.py:309] audio file loaded and feature computation success : /fs/classhomes/amukherj/research/798/modelling/data/paired_edits/input/_canonical/Raag_Kalyan__Bhimpalasi___Dhani_by_Satyasheel_Deshpande__Raag_Kalyan__Raag_Kalyan__c014.wav
I Music2Emotion 04-21 01:11:31.120 music2emo.py:309] audio file loaded and feature computation success : /fs/classhomes/amukherj/research/798/modelling/data/paired_edits/input/_canonical/Raag_Kalyan__Bhimpalasi___Dhani_by_Satyasheel_Deshpande__Raag_Kalyan__Raag_Kalyan__c015.wav
[m2e]   3.7% (304/8280)  elapsed=0.68h  eta=17.90h  rate=0.124/s  errs=0  last=input:in:Raag_Kalyan__Bhimpalasi___Dhani_by_Sa
I Music2Emotion 04-21 01:11:40.130 music2emo.py:309] audio file loaded and feature computation success : /fs/classhomes/amukherj/research/798/modelling/data/paired_edits/input/_canonical/Raag_Kalyan__Bhimpalasi___Dhani_by_Satyasheel_Deshpande__Raag_Kalyan__Raag_Kalyan__c017.wav
I Music2Emotion 04-21 01:11:46.552 music2emo.py:309] audio file loaded and feature computation success : /fs/classhomes/amukherj/research/798/modelling/data/paired_edits/input/_canonical/Raag_Kalyan__Bhimpalasi___Dhani_by_Satyasheel_Deshpande__Raag_Kalyan__Raag_Kalyan__c018.wav
I Music2Emotion 04-21 01:11:54.174 music2emo.py:309] audio file loaded and feature computation success : /fs/classhomes/amukherj/research/798/modelling/data/paired_edits/input/_canonical/Raag_Kalyan__Bhimpalasi___Dhani_by_Satyasheel_Deshpande__Raag_Kalyan__Raag_Kalyan__c019.wav
I Music2Emotion 04-21 01:12:01.989 music2emo.py:309] audio file loaded and feature computation success : /fs/classhomes/amukherj/research/798/modelling/data/paired_edits/input/_canonical/Raag_Kalyan__Bhimpalasi___Dhani_by_Satyasheel_Deshpande__Raag_Kalyan__Raag_Kalyan__c020.wav
[m2e]   3.7% (309/8280)  elapsed=0.69h  eta=17.82h  rate=0.124/s  errs=1  last=input:in:Raag_Kalyan__Bhimpalasi___Dhani_by_Sa
I Music2Emotion 04-21 01:12:10.057 music2emo.py:309] audio file loaded and feature computation success : /fs/classhomes/amukherj/research/798/modelling/data/paired_edits/input/_canonical/Raag_Kalyan__Bhimpalasi___Dhani_by_Satyasheel_Deshpande__Raag_Kalyan__Raag_Kalyan__c021.wav
I Music2Emotion 04-21 01:12:16.372 music2emo.py:309] audio file loaded and feature computation success : /fs/classhomes/amukherj/research/798/modelling/data/paired_edits/input/_canonical/Raag_Kalyan__Bhimpalasi___Dhani_by_Satyasheel_Deshpande__Raag_Kalyan__Raag_Kalyan__c022.wav
I Music2Emotion 04-21 01:12:23.836 music2emo.py:309] audio file loaded and feature computation success : /fs/classhomes/amukherj/research/798/modelling/data/paired_edits/input/_canonical/Raag_Kalyan__Bhimpalasi___Dhani_by_Satyasheel_Deshpande__Raag_Kalyan__Raag_Kalyan__c023.wav
I Music2Emotion 04-21 01:12:31.046 music2emo.py:309] audio file loaded and feature computation success : /fs/classhomes/amukherj/research/798/modelling/data/paired_edits/input/_canonical/Raag_Kedar___Jog_by_Ajoy_Chakrabarty__Raag_Kedar__Raag_Kedar__c000.wav
I Music2Emotion 04-21 01:12:38.274 music2emo.py:309] audio file loaded and feature computation success : /fs/classhomes/amukherj/research/798/modelling/data/paired_edits/input/_canonical/Raag_Kedar___Jog_by_Ajoy_Chakrabarty__Raag_Kedar__Raag_Kedar__c001.wav
[m2e]   3.8% (314/8280)  elapsed=0.70h  eta=17.78h  rate=0.124/s  errs=1  last=input:in:Raag_Kedar___Jog_by_Ajoy_Chakrabarty_
I Music2Emotion 04-21 01:12:51.804 music2emo.py:309] audio file loaded and feature computation success : /fs/classhomes/amukherj/research/798/modelling/data/paired_edits/input/_canonical/Raag_Kedar___Jog_by_Ajoy_Chakrabarty__Raag_Kedar__Raag_Kedar__c002.wav
I Music2Emotion 04-21 01:13:02.131 music2emo.py:309] audio file loaded and feature computation success : /fs/classhomes/amukherj/research/798/modelling/data/paired_edits/input/_canonical/Raag_Kedar___Jog_by_Ajoy_Chakrabarty__Raag_Kedar__Raag_Kedar__c003.wav
I Music2Emotion 04-21 01:13:11.262 music2emo.py:309] audio file loaded and feature computation success : /fs/classhomes/amukherj/research/798/modelling/data/paired_edits/input/_canonical/Raag_Kedar___Jog_by_Ajoy_Chakrabarty__Raag_Kedar__Raag_Kedar__c004.wav
[m2e]   3.8% (317/8280)  elapsed=0.71h  eta=17.83h  rate=0.124/s  errs=1  last=input:in:Raag_Kedar___Jog_by_Ajoy_Chakrabarty_
