=== GPU ===
Sun Apr 19 21:42:38 2026       
+-----------------------------------------------------------------------------------------+
| NVIDIA-SMI 590.48.01              Driver Version: 590.48.01      CUDA Version: 13.1     |
+-----------------------------------------+------------------------+----------------------+
| GPU  Name                 Persistence-M | Bus-Id          Disp.A | Volatile Uncorr. ECC |
| Fan  Temp   Perf          Pwr:Usage/Cap |           Memory-Usage | GPU-Util  Compute M. |
|                                         |                        |               MIG M. |
|=========================================+========================+======================|
|   0  NVIDIA RTX A4000               Off |   00000000:41:00.0 Off |                  Off |
| 41%   37C    P8             15W /  140W |       1MiB /  16376MiB |      0%      Default |
|                                         |                        |                  N/A |
+-----------------------------------------+------------------------+----------------------+

+-----------------------------------------------------------------------------------------+
| Processes:                                                                              |
|  GPU   GI   CI              PID   Type   Process name                        GPU Memory |
|        ID   ID                                                               Usage      |
|=========================================================================================|
|  No running processes found                                                             |
+-----------------------------------------------------------------------------------------+
torch 2.5.1+cu121 cuda True
=== 1/2 Encode input pairs with speech-75token ===
Found 720 audio files in data/paired_edits/input/
Saved 720 code files to data/tokens/input_wavtok_speech75/
=== 2/2 Encode target pairs with speech-75token ===
Found 720 audio files in data/paired_edits/target/
Saved 720 code files to data/tokens/target_wavtok_speech75/
Done.
Tokenized pairs:
  input:  720
  target: 720
