=== GPU ===
Sun Apr 19 22:00:10 2026       
+-----------------------------------------------------------------------------------------+
| NVIDIA-SMI 590.48.01              Driver Version: 590.48.01      CUDA Version: 13.1     |
+-----------------------------------------+------------------------+----------------------+
| GPU  Name                 Persistence-M | Bus-Id          Disp.A | Volatile Uncorr. ECC |
| Fan  Temp   Perf          Pwr:Usage/Cap |           Memory-Usage | GPU-Util  Compute M. |
|                                         |                        |               MIG M. |
|=========================================+========================+======================|
|   0  NVIDIA RTX A4000               Off |   00000000:41:00.0 Off |                  Off |
| 41%   37C    P8             15W /  140W |       1MiB /  16376MiB |      0%      Default |
|                                         |                        |                  N/A |
+-----------------------------------------+------------------------+----------------------+

+-----------------------------------------------------------------------------------------+
| Processes:                                                                              |
|  GPU   GI   CI              PID   Type   Process name                        GPU Memory |
|        ID   ID                                                               Usage      |
|=========================================================================================|
|  No running processes found                                                             |
+-----------------------------------------------------------------------------------------+
torch 2.5.1+cu121 cuda True
Training on: cuda
Loaded 720 training pairs (tokens subdir: wavtok_speech75)
Raga vocabulary (12 ragas + UNK): {'UNK': 0, 'Basanti_Kedar': 1, 'Bhoopali': 2, 'Bihag': 3, 'Hameer': 4, 'Hindol_Pancham': 5, 'Jait_Kalyan': 6, 'Kalyan': 7, 'Kedar': 8, 'Maru_Bihag': 9, 'Nat_Kamod': 10, 'Sudh_Kalyan': 11, 'Yaman': 12}
Effective output vocab: 4096 (log = 8.318 nats)
Editor parameters: 21,839,872
Stress embed parameters: 8,256
Source-level split: 11 train tracks (528 pairs), 4 val tracks (192 pairs)
Training with random windowed crops of 150 tokens (~2.00s)
Auxiliary token-histogram JSD loss enabled (weight=0.05)

Starting training for 2000 optimizer steps (grad_accum=1, warmup=100, early_stop_patience=99)...
  Step 100  lr=5.00e-04  train(rm100): ce=7.4598  ppl=1986.0  info=10.39%  top1=0.28%  top5=1.41%
medium_smoke_1776650416: val_ce last=7.8672 best=7.8672 (info_frac_best=5.42%)  -> checkpoints/medium_smoke_1776650416/loss_curves.png
  Step 200  lr=4.97e-04  train(rm100): ce=7.0490  ppl=1174.6  info=15.25%  top1=0.38%  top5=1.78%
  VAL: ce=7.8672  ppl=2610.4  info=5.42%  top1=0.11%  top5=0.78%
  New best model saved (val_loss=7.8672)
  Step 300  lr=4.86e-04  train(rm100): ce=6.9640  ppl=1087.8  info=16.28%  top1=0.37%  top5=1.78%
medium_smoke_1776650416: val_ce last=7.8889 best=7.8672 (info_frac_best=5.42%)  -> checkpoints/medium_smoke_1776650416/loss_curves.png
  Step 400  lr=4.70e-04  train(rm100): ce=6.9449  ppl=1059.9  info=16.50%  top1=0.37%  top5=1.76%
  VAL: ce=7.8889  ppl=2667.6  info=5.16%  top1=0.16%  top5=0.66%
  No val-loss improvement (1/99)
  Step 500  lr=4.47e-04  train(rm100): ce=6.9074  ppl=1020.5  info=16.96%  top1=0.42%  top5=1.99%
medium_smoke_1776650416: val_ce last=7.7710 best=7.7710 (info_frac_best=6.57%)  -> checkpoints/medium_smoke_1776650416/loss_curves.png
  Step 600  lr=4.19e-04  train(rm100): ce=6.8778  ppl=992.0  info=17.31%  top1=0.51%  top5=2.13%
  VAL: ce=7.7710  ppl=2371.0  info=6.57%  top1=0.19%  top5=0.72%
  New best model saved (val_loss=7.7710)
  Step 700  lr=3.87e-04  train(rm100): ce=6.8774  ppl=992.4  info=17.32%  top1=0.50%  top5=2.03%
medium_smoke_1776650416: val_ce last=7.7934 best=7.7710 (info_frac_best=6.57%)  -> checkpoints/medium_smoke_1776650416/loss_curves.png
  Step 800  lr=3.50e-04  train(rm100): ce=6.8688  ppl=985.5  info=17.42%  top1=0.43%  top5=2.12%
  VAL: ce=7.7934  ppl=2424.6  info=6.30%  top1=0.13%  top5=0.70%
  No val-loss improvement (1/99)
  Step 900  lr=3.11e-04  train(rm100): ce=6.8328  ppl=946.2  info=17.85%  top1=0.47%  top5=2.14%
medium_smoke_1776650416: val_ce last=7.7976 best=7.7710 (info_frac_best=6.57%)  -> checkpoints/medium_smoke_1776650416/loss_curves.png
  Step 1000  lr=2.71e-04  train(rm100): ce=6.8274  ppl=944.1  info=17.92%  top1=0.48%  top5=2.04%
  Saved checkpoint: checkpoints/medium_smoke_1776650416/step_1000
  VAL: ce=7.7976  ppl=2434.8  info=6.25%  top1=0.16%  top5=0.74%
  No val-loss improvement (2/99)
  Step 1100  lr=2.29e-04  train(rm100): ce=6.8045  ppl=922.9  info=18.19%  top1=0.54%  top5=2.28%
medium_smoke_1776650416: val_ce last=7.6858 best=7.6858 (info_frac_best=7.60%)  -> checkpoints/medium_smoke_1776650416/loss_curves.png
  Step 1200  lr=1.89e-04  train(rm100): ce=6.8081  ppl=923.8  info=18.15%  top1=0.55%  top5=2.32%
  VAL: ce=7.6858  ppl=2177.1  info=7.60%  top1=0.17%  top5=0.75%
  New best model saved (val_loss=7.6858)
  Step 1300  lr=1.50e-04  train(rm100): ce=6.7884  ppl=908.7  info=18.39%  top1=0.58%  top5=2.31%
medium_smoke_1776650416: val_ce last=7.7906 best=7.6858 (info_frac_best=7.60%)  -> checkpoints/medium_smoke_1776650416/loss_curves.png
  Step 1400  lr=1.13e-04  train(rm100): ce=6.7778  ppl=896.8  info=18.51%  top1=0.55%  top5=2.38%
  VAL: ce=7.7906  ppl=2417.9  info=6.34%  top1=0.15%  top5=0.74%
  No val-loss improvement (1/99)
  Step 1500  lr=8.07e-05  train(rm100): ce=6.7742  ppl=891.7  info=18.56%  top1=0.49%  top5=2.35%
medium_smoke_1776650416: val_ce last=7.8113 best=7.6858 (info_frac_best=7.60%)  -> checkpoints/medium_smoke_1776650416/loss_curves.png
  Step 1600  lr=5.27e-05  train(rm100): ce=6.7746  ppl=895.2  info=18.55%  top1=0.56%  top5=2.42%
  VAL: ce=7.8113  ppl=2468.2  info=6.09%  top1=0.14%  top5=0.70%
  No val-loss improvement (2/99)
  Step 1700  lr=3.01e-05  train(rm100): ce=6.7622  ppl=880.2  info=18.70%  top1=0.58%  top5=2.45%
medium_smoke_1776650416: val_ce last=7.7947 best=7.6858 (info_frac_best=7.60%)  -> checkpoints/medium_smoke_1776650416/loss_curves.png
  Step 1800  lr=1.35e-05  train(rm100): ce=6.7825  ppl=898.5  info=18.46%  top1=0.55%  top5=2.35%
  VAL: ce=7.7947  ppl=2427.7  info=6.29%  top1=0.15%  top5=0.72%
  No val-loss improvement (3/99)
  Step 1900  lr=3.41e-06  train(rm100): ce=6.7510  ppl=872.5  info=18.84%  top1=0.59%  top5=2.60%
medium_smoke_1776650416: val_ce last=7.8074 best=7.6858 (info_frac_best=7.60%)  -> checkpoints/medium_smoke_1776650416/loss_curves.png
  Step 2000  lr=0.00e+00  train(rm100): ce=6.7393  ppl=862.7  info=18.98%  top1=0.55%  top5=2.64%
  Saved checkpoint: checkpoints/medium_smoke_1776650416/step_2000
  VAL: ce=7.8074  ppl=2458.8  info=6.14%  top1=0.15%  top5=0.70%
  No val-loss improvement (4/99)

Training complete. Checkpoints in: checkpoints/medium_smoke_1776650416

Medium smoke done. Check loss curve:
  python scripts/plot_loss.py --log checkpoints/medium_smoke_*/training_log.jsonl
